Archive member included to satisfy reference by file (symbol)

app/libapp.a(main.c.obj)      (--whole-archive)
app/libapp.a(i2c_logic.c.obj)
                              (--whole-archive)
app/libapp.a(test_i2c.c.obj)  (--whole-archive)
zephyr/libzephyr.a(heap.c.obj)
                              (--whole-archive)
zephyr/libzephyr.a(cbprintf_packaged.c.obj)
                              (--whole-archive)
zephyr/libzephyr.a(printk.c.obj)
                              (--whole-archive)
zephyr/libzephyr.a(sem.c.obj)
                              (--whole-archive)
zephyr/libzephyr.a(thread_entry.c.obj)
                              (--whole-archive)
zephyr/libzephyr.a(cbprintf_complete.c.obj)
                              (--whole-archive)
zephyr/libzephyr.a(assert.c.obj)
                              (--whole-archive)
zephyr/libzephyr.a(dec.c.obj)
                              (--whole-archive)
zephyr/libzephyr.a(hex.c.obj)
                              (--whole-archive)
zephyr/libzephyr.a(rb.c.obj)  (--whole-archive)
zephyr/libzephyr.a(timeutil.c.obj)
                              (--whole-archive)
zephyr/libzephyr.a(bitarray.c.obj)
                              (--whole-archive)
zephyr/libzephyr.a(ring_buffer.c.obj)
                              (--whole-archive)
zephyr/libzephyr.a(last_section_id.c.obj)
                              (--whole-archive)
zephyr/libzephyr.a(configs.c.obj)
                              (--whole-archive)
zephyr/libzephyr.a(stm32cube_hal.c.obj)
                              (--whole-archive)
zephyr/libzephyr.a(soc_config.c.obj)
                              (--whole-archive)
zephyr/libzephyr.a(soc_m7.c.obj)
                              (--whole-archive)
zephyr/libzephyr.a(mpu_regions.c.obj)
                              (--whole-archive)
zephyr/libzephyr.a(log_minimal.c.obj)
                              (--whole-archive)
zephyr/libzephyr.a(mem_attr.c.obj)
                              (--whole-archive)
zephyr/libzephyr.a(tracing_none.c.obj)
                              (--whole-archive)
zephyr/arch/common/libarch__common.a(sw_isr_common.c.obj)
                              (--whole-archive)
zephyr/arch/arch/arm/core/libarch__arm__core.a(fatal.c.obj)
                              (--whole-archive)
zephyr/arch/arch/arm/core/libarch__arm__core.a(nmi.c.obj)
                              (--whole-archive)
zephyr/arch/arch/arm/core/libarch__arm__core.a(nmi_on_reset.S.obj)
                              (--whole-archive)
zephyr/arch/arch/arm/core/libarch__arm__core.a(tls.c.obj)
                              (--whole-archive)
zephyr/arch/arch/arm/core/cortex_m/libarch__arm__core__cortex_m.a(exc_exit.c.obj)
                              (--whole-archive)
zephyr/arch/arch/arm/core/cortex_m/libarch__arm__core__cortex_m.a(fault.c.obj)
                              (--whole-archive)
zephyr/arch/arch/arm/core/cortex_m/libarch__arm__core__cortex_m.a(fault_s.S.obj)
                              (--whole-archive)
zephyr/arch/arch/arm/core/cortex_m/libarch__arm__core__cortex_m.a(fpu.c.obj)
                              (--whole-archive)
zephyr/arch/arch/arm/core/cortex_m/libarch__arm__core__cortex_m.a(reset.S.obj)
                              (--whole-archive)
zephyr/arch/arch/arm/core/cortex_m/libarch__arm__core__cortex_m.a(scb.c.obj)
                              (--whole-archive)
zephyr/arch/arch/arm/core/cortex_m/libarch__arm__core__cortex_m.a(thread_abort.c.obj)
                              (--whole-archive)
zephyr/arch/arch/arm/core/cortex_m/libarch__arm__core__cortex_m.a(vector_table.S.obj)
                              (--whole-archive)
zephyr/arch/arch/arm/core/cortex_m/libarch__arm__core__cortex_m.a(swap_helper.S.obj)
                              (--whole-archive)
zephyr/arch/arch/arm/core/cortex_m/libarch__arm__core__cortex_m.a(irq_manage.c.obj)
                              (--whole-archive)
zephyr/arch/arch/arm/core/cortex_m/libarch__arm__core__cortex_m.a(prep_c.c.obj)
                              (--whole-archive)
zephyr/arch/arch/arm/core/cortex_m/libarch__arm__core__cortex_m.a(thread.c.obj)
                              (--whole-archive)
zephyr/arch/arch/arm/core/cortex_m/libarch__arm__core__cortex_m.a(cpu_idle.c.obj)
                              (--whole-archive)
zephyr/arch/arch/arm/core/cortex_m/libarch__arm__core__cortex_m.a(irq_init.c.obj)
                              (--whole-archive)
zephyr/arch/arch/arm/core/cortex_m/libarch__arm__core__cortex_m.a(isr_wrapper.c.obj)
                              (--whole-archive)
zephyr/arch/arch/arm/core/cortex_m/libarch__arm__core__cortex_m.a(__aeabi_read_tp.S.obj)
                              (--whole-archive)
zephyr/arch/arch/arm/core/mpu/libarch__arm__core__mpu.a(arm_core_mpu.c.obj)
                              (--whole-archive)
zephyr/arch/arch/arm/core/mpu/libarch__arm__core__mpu.a(arm_mpu.c.obj)
                              (--whole-archive)
zephyr/lib/libc/picolibc/liblib__libc__picolibc.a(assert.c.obj)
[...]
Memory Configuration

Name             Origin             Length             Attributes
FLASH            0x0000000008000000 0x0000000000100000 xr
RAM              0x0000000024000000 0x0000000000080000 xw
EXTMEM           0x0000000090000000 0x0000000010000000 rw
SRAM1            0x0000000030000000 0x0000000000020000 rw
SRAM2            0x0000000030020000 0x0000000000020000 rw
SRAM3            0x0000000030040000 0x0000000000008000 rw
SRAM4            0x0000000038000000 0x0000000000010000 rw
DTCM             0x0000000020000000 0x0000000000020000 rw
IDT_LIST         0x00000000ffff7fff 0x0000000000008000 xw
*default*        0x0000000000000000 0xffffffffffffffff

Linker script and memory map

                0x0000000008005108                vfprintf = __l_vfprintf
                0x0000000000000000                vfscanf = __l_vfscanf
LOAD zephyr/CMakeFiles/zephyr_final.dir/misc/empty_file.c.obj
LOAD zephyr/CMakeFiles/zephyr_final.dir/isr_tables.c.obj
LOAD zephyr/CMakeFiles/offsets.dir/./arch/arm/core/offsets/offsets.c.obj
LOAD app/libapp.a
LOAD zephyr/libzephyr.a
LOAD zephyr/arch/common/libarch__common.a
LOAD zephyr/arch/arch/arm/core/libarch__arm__core.a
LOAD zephyr/arch/arch/arm/core/cortex_m/libarch__arm__core__cortex_m.a
LOAD zephyr/arch/arch/arm/core/mpu/libarch__arm__core__mpu.a
LOAD zephyr/lib/libc/picolibc/liblib__libc__picolibc.a
LOAD zephyr/lib/libc/common/liblib__libc__common.a
LOAD zephyr/subsys/testsuite/ztest/libsubsys__testsuite__ztest.a
LOAD zephyr/drivers/interrupt_controller/libdrivers__interrupt_controller.a
LOAD zephyr/drivers/clock_control/libdrivers__clock_control.a
LOAD zephyr/drivers/console/libdrivers__console.a
LOAD zephyr/drivers/gpio/libdrivers__gpio.a
LOAD zephyr/drivers/i2c/libdrivers__i2c.a
LOAD zephyr/drivers/pinctrl/libdrivers__pinctrl.a
LOAD zephyr/drivers/reset/libdrivers__reset.a
LOAD zephyr/drivers/serial/libdrivers__serial.a
LOAD zephyr/drivers/timer/libdrivers__timer.a
LOAD modules/hal_stm32/stm32cube/lib..__modules__hal__stm32__stm32cube.a
LOAD zephyr/kernel/libkernel.a
LOAD zephyr/arch/common/libisr_tables.a
LOAD /home/lakshminarasimhans/zephyr-sdk-0.17.1/arm-zephyr-eabi/bin/../lib/gcc/../../picolibc/arm-zephyr-eabi/lib/thumb/v7e-m/nofp/libc.a
LOAD /home/lakshminarasimhans/zephyr-sdk-0.17.1/arm-zephyr-eabi/bin/../lib/gcc/arm-zephyr-eabi/12.2.0/thumb/v7e-m/nofp/libgcc.a
                0x0000000000000020                _region_min_align = 0x20

.rel.plt        0x0000000008000000        0x0
 *(SORT_BY_ALIGNMENT(.rel.plt))
                [!provide]                        PROVIDE (__rel_iplt_start = .)
 *(SORT_BY_ALIGNMENT(.rel.iplt))
 .rel.iplt      0x0000000008000000        0x0 zephyr/CMakeFiles/zephyr_final.dir/isr_tables.c.obj
                [!provide]                        PROVIDE (__rel_iplt_end = .)

.rela.plt       0x0000000000000000        0x0
 *(SORT_BY_ALIGNMENT(.rela.plt))
                [!provide]                        PROVIDE (__rela_iplt_start = .)
 *(SORT_BY_ALIGNMENT(.rela.iplt))
                [!provide]                        PROVIDE (__rela_iplt_end = .)

.rel.dyn
 *(SORT_BY_ALIGNMENT(.rel.*))

.rela.dyn
 *(SORT_BY_ALIGNMENT(.rela.*))

/DISCARD/
 *(SORT_BY_ALIGNMENT(.plt))

/DISCARD/
 *(SORT_BY_ALIGNMENT(.iplt))
                0x0000000008000000                __rom_region_start = 0x8000000

rom_start       0x0000000008000000      0x298
                0x0000000008000000                __rom_start_address = .
 FILL mask 0x00
                0x0000000008000000                . = (. + (0x0 - (. - __rom_start_address)))
                0x0000000008000000                . = ALIGN (0x4)
                0x0000000008000000                . = ALIGN (0x80)
                0x0000000008000000                . = ALIGN (0x400)
                0x0000000008000000                _vector_start = .
 *(SORT_BY_ALIGNMENT(.exc_vector_table))
 *(SORT_BY_ALIGNMENT(.exc_vector_table.*))
 .exc_vector_table._vector_table_section
                0x0000000008000000       0x40 zephyr/arch/arch/arm/core/cortex_m/libarch__arm__core__cortex_m.a(vector_table.S.obj)
                0x0000000008000000                _vector_table
 *(SORT_BY_ALIGNMENT(.vectors))
                0x0000000008000298                _vector_end = .
                0x0000000008000040                . = ALIGN (0x4)
 *(SORT_BY_ALIGNMENT(.gnu.linkonce.irq_vector_table*))
 .gnu.linkonce.irq_vector_table
                0x0000000008000040      0x258 zephyr/CMakeFiles/zephyr_final.dir/isr_tables.c.obj
                0x0000000008000040                _irq_vector_table
                0x0000000008000298                _vector_end = .

text            0x0000000008000298     0x5f88
                0x0000000008000298                __text_region_start = .
 *(SORT_BY_ALIGNMENT(.text))
 .text          0x0000000008000298       0x30 /home/lakshminarasimhans/zephyr-sdk-0.17.1/arm-zephyr-eabi/bin/../lib/gcc/arm-zephyr-eabi/12.2.0/thumb/v7e-m/nofp/libgcc.a(_aeabi_uldivmod.o)
                0x0000000008000298                __aeabi_uldivmod
 .text          0x00000000080002c8        0x4 /home/lakshminarasimhans/zephyr-sdk-0.17.1/arm-zephyr-eabi/bin/../lib/gcc/arm-zephyr-eabi/12.2.0/thumb/v7e-m/nofp/libgcc.a(_dvmd_tls.o)
                0x00000000080002c8                __aeabi_ldiv0
                0x00000000080002c8                __aeabi_idiv0
 .text          0x00000000080002cc       0x14 /home/lakshminarasimhans/zephyr-sdk-0.17.1/arm-zephyr-eabi/bin/../lib/gcc/../../picolibc/arm-zephyr-eabi/lib/thumb/v7e-m/nofp/libc.a(strcmp.S.o)
                0x00000000080002cc                strcmp
 .text          0x00000000080002e0      0x2a0 /home/lakshminarasimhans/zephyr-sdk-0.17.1/arm-zephyr-eabi/bin/../lib/gcc/arm-zephyr-eabi/12.2.0/thumb/v7e-m/nofp/libgcc.a(_udivmoddi4.o)
                0x00000000080002e0                __udivmoddi4
 *(SORT_BY_ALIGNMENT(.text.*))
 .text.i2c_dev_init
                0x0000000008000580       0x34 app/libapp.a(i2c_logic.c.obj)
                0x0000000008000580                i2c_dev_init
 .text.i2c_dev_write
                0x00000000080005b4       0x60 app/libapp.a(i2c_logic.c.obj)
                0x00000000080005b4                i2c_dev_write
 .text.i2c_dev_read
                0x0000000008000614       0x60 app/libapp.a(i2c_logic.c.obj)
                0x0000000008000614                i2c_dev_read
 .text.z_zassert.constprop.0
                0x0000000008000674       0x48 app/libapp.a(test_i2c.c.obj)
 .text._i2c_tests_test_i2c_dev_read_wrapper
                0x00000000080006bc       0x34 app/libapp.a(test_i2c.c.obj)
 .text._i2c_tests_test_i2c_dev_write_wrapper
                0x00000000080006f0       0x34 app/libapp.a(test_i2c.c.obj)
 .text._i2c_tests_test_no_i2c_dev_init_wrapper
                0x0000000008000724       0x3c app/libapp.a(test_i2c.c.obj)
 .text._i2c_tests_test_i2c_dev_init_wrapper
                0x0000000008000760       0x34 app/libapp.a(test_i2c.c.obj)
 .text.sys_heap_init
                0x0000000008000794      0x134 zephyr/libzephyr.a(heap.c.obj)
                0x0000000008000794                sys_heap_init
 .text.char_out
                0x00000000080008c8        0xc zephyr/libzephyr.a(printk.c.obj)
 .text.__printk_hook_install
                0x00000000080008d4        0xc zephyr/libzephyr.a(printk.c.obj)
                0x00000000080008d4                __printk_hook_install
 .text.vprintk  0x00000000080008e0       0x30 zephyr/libzephyr.a(printk.c.obj)
                0x00000000080008e0                vprintk
 .text.z_thread_entry
                0x0000000008000910       0x34 zephyr/libzephyr.a(thread_entry.c.obj)
                0x0000000008000910                z_thread_entry
 .text.st_stm32_common_config
                0x0000000008000944       0x1c zephyr/libzephyr.a(soc_config.c.obj)
 .text.stm32h7_m4_wakeup
                0x0000000008000960       0x64 zephyr/libzephyr.a(soc_m7.c.obj)
 .text.soc_early_init_hook
                0x00000000080009c4       0x48 zephyr/libzephyr.a(soc_m7.c.obj)
                0x00000000080009c4                soc_early_init_hook
 .text.mem_attr_get_regions
                0x0000000008000a0c        0xc zephyr/libzephyr.a(mem_attr.c.obj)
                0x0000000008000a0c                mem_attr_get_regions
 .text.z_arm_fatal_error
                0x0000000008000a18       0x70 zephyr/arch/arch/arm/core/libarch__arm__core.a(fatal.c.obj)
                0x0000000008000a18                z_arm_fatal_error
 .text.z_SysNmiOnReset
                0x0000000008000a88        0x8 zephyr/arch/arch/arm/core/libarch__arm__core.a(nmi_on_reset.S.obj)
                0x0000000008000a88                z_SysNmiOnReset
 .text.arch_tls_stack_setup
                0x0000000008000a90       0x40 zephyr/arch/arch/arm/core/libarch__arm__core.a(tls.c.obj)
                0x0000000008000a90                arch_tls_stack_setup
 .text._HandlerModeExit
                0x0000000008000ad0       0x20 zephyr/arch/arch/arm/core/cortex_m/libarch__arm__core__cortex_m.a(exc_exit.c.obj)
                0x0000000008000ad0                z_arm_exc_exit
                0x0000000008000ad0                z_arm_int_exit
 .text.mem_manage_fault
                0x0000000008000af0      0x134 zephyr/arch/arch/arm/core/cortex_m/libarch__arm__core__cortex_m.a(fault.c.obj)
 .text.usage_fault.constprop.0
                0x0000000008000c24       0xa4 zephyr/arch/arch/arm/core/cortex_m/libarch__arm__core__cortex_m.a(fault.c.obj)
 .text.bus_fault.constprop.0
                0x0000000008000cc8       0xc8 zephyr/arch/arch/arm/core/cortex_m/libarch__arm__core__cortex_m.a(fault.c.obj)
 .text.z_arm_fault
                0x0000000008000d90      0x220 zephyr/arch/arch/arm/core/cortex_m/libarch__arm__core__cortex_m.a(fault.c.obj)
                0x0000000008000d90                z_arm_fault
 .text.z_arm_fault_init
                0x0000000008000fb0       0x18 zephyr/arch/arch/arm/core/cortex_m/libarch__arm__core__cortex_m.a(fault.c.obj)
                0x0000000008000fb0                z_arm_fault_init
 .text.__fault  0x0000000008000fc8       0x14 zephyr/arch/arch/arm/core/cortex_m/libarch__arm__core__cortex_m.a(fault_s.S.obj)
                0x0000000008000fc8                z_arm_bus_fault
                0x0000000008000fc8                z_arm_usage_fault
                0x0000000008000fc8                z_arm_mpu_fault
                0x0000000008000fc8                z_arm_exc_spurious
                0x0000000008000fc8                z_arm_debug_monitor
                0x0000000008000fc8                z_arm_hard_fault
 .text._reset_section
                0x0000000008000fdc       0x34 zephyr/arch/arch/arm/core/cortex_m/libarch__arm__core__cortex_m.a(reset.S.obj)
                0x0000000008000fdc                z_arm_reset
                0x0000000008000fdc                __start
 .text.z_impl_k_thread_abort
                0x0000000008001010       0x2c zephyr/arch/arch/arm/core/cortex_m/libarch__arm__core__cortex_m.a(thread_abort.c.obj)
                0x0000000008001010                z_impl_k_thread_abort
 .text.z_arm_pendsv
                0x000000000800103c       0x64 zephyr/arch/arch/arm/core/cortex_m/libarch__arm__core__cortex_m.a(swap_helper.S.obj)
                0x000000000800103c                z_arm_pendsv
 .text.z_arm_svc
                0x00000000080010a0       0x24 zephyr/arch/arch/arm/core/cortex_m/libarch__arm__core__cortex_m.a(swap_helper.S.obj)
                0x00000000080010a0                z_arm_svc
 .text.arm_irq_enable
                0x00000000080010c4       0x1c zephyr/arch/arch/arm/core/cortex_m/libarch__arm__core__cortex_m.a(irq_manage.c.obj)
                0x00000000080010c4                arm_irq_enable
 .text.arm_irq_priority_set
                0x00000000080010e0       0x64 zephyr/arch/arch/arm/core/cortex_m/libarch__arm__core__cortex_m.a(irq_manage.c.obj)
                0x00000000080010e0                arm_irq_priority_set
 .text.relocate_vector_table
                0x0000000008001144       0x1c zephyr/arch/arch/arm/core/cortex_m/libarch__arm__core__cortex_m.a(prep_c.c.obj)
                0x0000000008001144                relocate_vector_table
 .text.z_prep_c
                0x0000000008001160       0x38 zephyr/arch/arch/arm/core/cortex_m/libarch__arm__core__cortex_m.a(prep_c.c.obj)
                0x0000000008001160                z_prep_c
 .text.arch_new_thread
                0x0000000008001198       0x30 zephyr/arch/arch/arm/core/cortex_m/libarch__arm__core__cortex_m.a(thread.c.obj)
                0x0000000008001198                arch_new_thread
 .text.z_check_thread_stack_fail
                0x00000000080011c8       0x30 zephyr/arch/arch/arm/core/cortex_m/libarch__arm__core__cortex_m.a(thread.c.obj)
                0x00000000080011c8                z_check_thread_stack_fail
 .text.arch_switch_to_main_thread
                0x00000000080011f8       0x40 zephyr/arch/arch/arm/core/cortex_m/libarch__arm__core__cortex_m.a(thread.c.obj)
                0x00000000080011f8                arch_switch_to_main_thread
 .text.z_arm_cpu_idle_init
                0x0000000008001238        0xc zephyr/arch/arch/arm/core/cortex_m/libarch__arm__core__cortex_m.a(cpu_idle.c.obj)
                0x0000000008001238                z_arm_cpu_idle_init
 .text.z_arm_interrupt_init
                0x0000000008001244       0x18 zephyr/arch/arch/arm/core/cortex_m/libarch__arm__core__cortex_m.a(irq_init.c.obj)
                0x0000000008001244                z_arm_interrupt_init
 .text._isr_wrapper
                0x000000000800125c       0x24 zephyr/arch/arch/arm/core/cortex_m/libarch__arm__core__cortex_m.a(isr_wrapper.c.obj)
                0x000000000800125c                _isr_wrapper
 .text.z_arm_configure_static_mpu_regions
                0x0000000008001280       0x18 zephyr/arch/arch/arm/core/mpu/libarch__arm__core__mpu.a(arm_core_mpu.c.obj)
                0x0000000008001280                z_arm_configure_static_mpu_regions
 .text.z_arm_configure_dynamic_mpu_regions
                0x0000000008001298       0x24 zephyr/arch/arch/arm/core/mpu/libarch__arm__core__mpu.a(arm_core_mpu.c.obj)
                0x0000000008001298                z_arm_configure_dynamic_mpu_regions
 .text.region_allocate_and_init
                0x00000000080012bc       0x4c zephyr/arch/arch/arm/core/mpu/libarch__arm__core__mpu.a(arm_mpu.c.obj)
 .text.mpu_configure_regions
                0x0000000008001308       0x64 zephyr/arch/arch/arm/core/mpu/libarch__arm__core__mpu.a(arm_mpu.c.obj)
 .text.arm_core_mpu_enable
                0x000000000800136c       0x18 zephyr/arch/arch/arm/core/mpu/libarch__arm__core__mpu.a(arm_mpu.c.obj)
                0x000000000800136c                arm_core_mpu_enable
 .text.arm_core_mpu_disable
                0x0000000008001384       0x14 zephyr/arch/arch/arm/core/mpu/libarch__arm__core__mpu.a(arm_mpu.c.obj)
                0x0000000008001384                arm_core_mpu_disable
 .text.arm_core_mpu_configure_static_mpu_regions
                0x0000000008001398       0x4c zephyr/arch/arch/arm/core/mpu/libarch__arm__core__mpu.a(arm_mpu.c.obj)
                0x0000000008001398                arm_core_mpu_configure_static_mpu_regions
 .text.arm_core_mpu_configure_dynamic_mpu_regions
                0x00000000080013e4       0x6c zephyr/arch/arch/arm/core/mpu/libarch__arm__core__mpu.a(arm_mpu.c.obj)
                0x00000000080013e4                arm_core_mpu_configure_dynamic_mpu_regions
 .text.z_arm_mpu_init
                0x0000000008001450      0x200 zephyr/arch/arch/arm/core/mpu/libarch__arm__core__mpu.a(arm_mpu.c.obj)
                0x0000000008001450                z_arm_mpu_init
 .text.z_impl_zephyr_fputc
                0x0000000008001650       0x10 zephyr/lib/libc/picolibc/liblib__libc__picolibc.a(stdio.c.obj)
                0x0000000008001650                z_impl_zephyr_fputc
 .text.__stdout_hook_install
                0x0000000008001660       0x18 zephyr/lib/libc/picolibc/liblib__libc__picolibc.a(stdio.c.obj)
                0x0000000008001660                __stdout_hook_install
 .text.malloc_prepare
                0x0000000008001678       0x24 zephyr/lib/libc/common/liblib__libc__common.a(malloc.c.obj)
 .text.ztest_find_test_suite
                0x000000000800169c       0x2c zephyr/subsys/testsuite/ztest/libsubsys__testsuite__ztest.a(ztest.c.obj)
 .text.test_cb  0x00000000080016c8       0x5c zephyr/subsys/testsuite/ztest/libsubsys__testsuite__ztest.a(ztest.c.obj)
 .text.test_finalize
                0x0000000008001724       0x24 zephyr/subsys/testsuite/ztest/libsubsys__testsuite__ztest.a(ztest.c.obj)
 .text.ztest_test_fail
                0x0000000008001748       0x54 zephyr/subsys/testsuite/ztest/libsubsys__testsuite__ztest.a(ztest.c.obj)
                0x0000000008001748                ztest_test_fail
 .text.z_ztest_get_next_test
                0x000000000800179c       0x34 zephyr/subsys/testsuite/ztest/libsubsys__testsuite__ztest.a(ztest.c.obj)
                0x000000000800179c                z_ztest_get_next_test
 .text.z_ztest_run_test_suite_ptr.constprop.0
                0x00000000080017d0      0x2d8 zephyr/subsys/testsuite/ztest/libsubsys__testsuite__ztest.a(ztest.c.obj)
 .text.z_impl_ztest_run_test_suites
                0x0000000008001aa8       0x90 zephyr/subsys/testsuite/ztest/libsubsys__testsuite__ztest.a(ztest.c.obj)
                0x0000000008001aa8                z_impl_ztest_run_test_suites
 .text.ztest_verify_all_test_suites_ran
                0x0000000008001b38       0xb0 zephyr/subsys/testsuite/ztest/libsubsys__testsuite__ztest.a(ztest.c.obj)
                0x0000000008001b38                ztest_verify_all_test_suites_ran
 .text.ztest_run_all
                0x0000000008001be8       0x10 zephyr/subsys/testsuite/ztest/libsubsys__testsuite__ztest.a(ztest.c.obj)
                0x0000000008001be8                ztest_run_all
 .text.main     0x0000000008001bf8      0x1c4 zephyr/subsys/testsuite/ztest/libsubsys__testsuite__ztest.a(ztest.c.obj)
                0x0000000008001bf8                main
 .text.stm32_exti_isr
                0x0000000008001dbc       0x50 zephyr/drivers/interrupt_controller/libdrivers__interrupt_controller.a(intc_exti_stm32.c.obj)
 .text.stm32_fill_irq_table
                0x0000000008001e0c       0x18 zephyr/drivers/interrupt_controller/libdrivers__interrupt_controller.a(intc_exti_stm32.c.obj)
 .text.z_stm32_hsem_lock.constprop.0
                0x0000000008001e24       0x34 zephyr/drivers/interrupt_controller/libdrivers__interrupt_controller.a(intc_exti_stm32.c.obj)
 .text.stm32_exti_init
                0x0000000008001e58       0xb4 zephyr/drivers/interrupt_controller/libdrivers__interrupt_controller.a(intc_exti_stm32.c.obj)
 .text.stm32_gpio_intc_enable_line
                0x0000000008001f0c       0x74 zephyr/drivers/interrupt_controller/libdrivers__interrupt_controller.a(intc_exti_stm32.c.obj)
                0x0000000008001f0c                stm32_gpio_intc_enable_line
 .text.stm32_gpio_intc_select_line_trigger
                0x0000000008001f80       0x80 zephyr/drivers/interrupt_controller/libdrivers__interrupt_controller.a(intc_exti_stm32.c.obj)
                0x0000000008001f80                stm32_gpio_intc_select_line_trigger
 .text.stm32_gpio_intc_set_irq_callback
                0x0000000008002000       0x40 zephyr/drivers/interrupt_controller/libdrivers__interrupt_controller.a(intc_exti_stm32.c.obj)
                0x0000000008002000                stm32_gpio_intc_set_irq_callback
 .text.stm32_gpio_intc_remove_irq_callback
                0x0000000008002040       0x24 zephyr/drivers/interrupt_controller/libdrivers__interrupt_controller.a(intc_exti_stm32.c.obj)
                0x0000000008002040                stm32_gpio_intc_remove_irq_callback
 .text.stm32_exti_set_line_src_port
                0x0000000008002064       0x50 zephyr/drivers/interrupt_controller/libdrivers__interrupt_controller.a(intc_exti_stm32.c.obj)
                0x0000000008002064                stm32_exti_set_line_src_port
 .text.stm32_exti_get_line_src_port
                0x00000000080020b4       0x38 zephyr/drivers/interrupt_controller/libdrivers__interrupt_controller.a(intc_exti_stm32.c.obj)
                0x00000000080020b4                stm32_exti_get_line_src_port
 .text.get_pllsrc_frequency
                0x00000000080020ec       0x1c zephyr/drivers/clock_control/libdrivers__clock_control.a(clock_stm32_ll_h7.c.obj)
 .text.get_hclk_frequency
                0x0000000008002108       0x30 zephyr/drivers/clock_control/libdrivers__clock_control.a(clock_stm32_ll_h7.c.obj)
 .text.stm32_clock_control_get_subsys_rate
                0x0000000008002138       0xd0 zephyr/drivers/clock_control/libdrivers__clock_control.a(clock_stm32_ll_h7.c.obj)
 .text.z_stm32_hsem_lock.constprop.0
                0x0000000008002208       0x34 zephyr/drivers/clock_control/libdrivers__clock_control.a(clock_stm32_ll_h7.c.obj)
 .text.stm32_clock_control_off
                0x000000000800223c       0x44 zephyr/drivers/clock_control/libdrivers__clock_control.a(clock_stm32_ll_h7.c.obj)
 .text.stm32_clock_control_on
                0x0000000008002280       0x58 zephyr/drivers/clock_control/libdrivers__clock_control.a(clock_stm32_ll_h7.c.obj)
 .text.stm32_clock_control_init
                0x00000000080022d8      0x1f8 zephyr/drivers/clock_control/libdrivers__clock_control.a(clock_stm32_ll_h7.c.obj)
                0x00000000080022d8                stm32_clock_control_init
 .text.stm32_clock_control_configure
                0x00000000080024d0       0x68 zephyr/drivers/clock_control/libdrivers__clock_control.a(clock_stm32_ll_h7.c.obj)
 .text.uart_console_init
                0x0000000008002538       0x28 zephyr/drivers/console/libdrivers__console.a(uart_console.c.obj)
 .text.console_out
                0x0000000008002560       0x28 zephyr/drivers/console/libdrivers__console.a(uart_console.c.obj)
 .text.gpio_stm32_manage_callback
                0x0000000008002588       0xa0 zephyr/drivers/gpio/libdrivers__gpio.a(gpio_stm32.c.obj)
 .text.gpio_stm32_pin_interrupt_configure
                0x0000000008002628       0xb0 zephyr/drivers/gpio/libdrivers__gpio.a(gpio_stm32.c.obj)
 .text.z_stm32_hsem_lock.constprop.0
                0x00000000080026d8       0x34 zephyr/drivers/gpio/libdrivers__gpio.a(gpio_stm32.c.obj)
 .text.gpio_stm32_port_toggle_bits
                0x000000000800270c       0x24 zephyr/drivers/gpio/libdrivers__gpio.a(gpio_stm32.c.obj)
 .text.gpio_stm32_port_set_masked_raw
                0x0000000008002730       0x28 zephyr/drivers/gpio/libdrivers__gpio.a(gpio_stm32.c.obj)
 .text.gpio_stm32_configure_raw.isra.0
                0x0000000008002758       0xc0 zephyr/drivers/gpio/libdrivers__gpio.a(gpio_stm32.c.obj)
 .text.gpio_stm32_isr
                0x0000000008002818       0x58 zephyr/drivers/gpio/libdrivers__gpio.a(gpio_stm32.c.obj)
 .text.gpio_stm32_init
                0x0000000008002870       0x38 zephyr/drivers/gpio/libdrivers__gpio.a(gpio_stm32.c.obj)
 .text.i2c_stm32_get_config
                0x00000000080028a8       0x24 zephyr/drivers/i2c/libdrivers__i2c.a(i2c_ll_stm32.c.obj)
                0x00000000080028a8                i2c_stm32_get_config
 .text.i2c_stm32_set_smbus_mode
                0x00000000080028cc       0x28 zephyr/drivers/i2c/libdrivers__i2c.a(i2c_ll_stm32.c.obj)
                0x00000000080028cc                i2c_stm32_set_smbus_mode
 .text.i2c_stm32_runtime_configure
                0x00000000080028f4       0x84 zephyr/drivers/i2c/libdrivers__i2c.a(i2c_ll_stm32.c.obj)
                0x00000000080028f4                i2c_stm32_runtime_configure
 .text.i2c_stm32_init
                0x0000000008002978       0xd8 zephyr/drivers/i2c/libdrivers__i2c.a(i2c_ll_stm32.c.obj)
 .text.i2c_stm32_activate
                0x0000000008002a50       0x60 zephyr/drivers/i2c/libdrivers__i2c.a(i2c_ll_stm32_common.c.obj)
                0x0000000008002a50                i2c_stm32_activate
 .text.msg_init
                0x0000000008002ab0       0x9c zephyr/drivers/i2c/libdrivers__i2c.a(i2c_ll_stm32_v2.c.obj)
 .text.i2c_stm32_configure_timing
                0x0000000008002b4c      0x160 zephyr/drivers/i2c/libdrivers__i2c.a(i2c_ll_stm32_v2.c.obj)
                0x0000000008002b4c                i2c_stm32_configure_timing
 .text.pinctrl_configure_pins
                0x0000000008002cac       0xb0 zephyr/drivers/pinctrl/libdrivers__pinctrl.a(pinctrl_stm32.c.obj)
                0x0000000008002cac                pinctrl_configure_pins
 .text.uart_stm32_cfg2ll_stopbits
                0x0000000008002d5c       0x38 zephyr/drivers/serial/libdrivers__serial.a(uart_stm32.c.obj)
 .text.lpuartdiv_calc
                0x0000000008002d94       0x30 zephyr/drivers/serial/libdrivers__serial.a(uart_stm32.c.obj)
                0x0000000008002d94                lpuartdiv_calc
 .text.uart_stm32_set_baudrate
                0x0000000008002dc4      0x154 zephyr/drivers/serial/libdrivers__serial.a(uart_stm32.c.obj)
 .text.uart_stm32_configure
                0x0000000008002f18      0x11c zephyr/drivers/serial/libdrivers__serial.a(uart_stm32.c.obj)
 .text.uart_stm32_init
                0x0000000008003034      0x1b0 zephyr/drivers/serial/libdrivers__serial.a(uart_stm32.c.obj)
 .text.elapsed  0x00000000080031e4       0x4c zephyr/drivers/timer/libdrivers__timer.a(cortex_m_systick.c.obj)
 .text.sys_clock_driver_init
                0x0000000008003230       0x38 zephyr/drivers/timer/libdrivers__timer.a(cortex_m_systick.c.obj)
 .text.sys_clock_isr
                0x0000000008003268       0x60 zephyr/drivers/timer/libdrivers__timer.a(cortex_m_systick.c.obj)
                0x0000000008003268                sys_clock_isr
 .text.sys_clock_set_timeout
                0x00000000080032c8      0x164 zephyr/drivers/timer/libdrivers__timer.a(cortex_m_systick.c.obj)
                0x00000000080032c8                sys_clock_set_timeout
 .text.sys_clock_elapsed
                0x000000000800342c       0xa4 zephyr/drivers/timer/libdrivers__timer.a(cortex_m_systick.c.obj)
                0x000000000800342c                sys_clock_elapsed
 .text.sys_clock_cycle_get_32
                0x00000000080034d0       0x94 zephyr/drivers/timer/libdrivers__timer.a(cortex_m_systick.c.obj)
                0x00000000080034d0                sys_clock_cycle_get_32
 .text.LL_SetFlashLatency
                0x0000000008003564       0xf4 modules/hal_stm32/stm32cube/lib..__modules__hal__stm32__stm32cube.a(stm32h7xx_ll_utils.c.obj)
                0x0000000008003564                LL_SetFlashLatency
 .text.z_device_state_init
                0x0000000008003658       0x44 zephyr/kernel/libkernel.a(device.c.obj)
                0x0000000008003658                z_device_state_init
 .text.k_sys_fatal_error_handler
                0x000000000800369c       0x18 zephyr/kernel/libkernel.a(fatal.c.obj)
                0x000000000800369c                k_sys_fatal_error_handler
 .text.z_fatal_error
                0x00000000080036b4       0xb8 zephyr/kernel/libkernel.a(fatal.c.obj)
                0x00000000080036b4                z_fatal_error
 .text.z_sys_init_run_level
                0x000000000800376c       0x30 zephyr/kernel/libkernel.a(init.c.obj)
 .text.bg_thread_main
                0x000000000800379c      0x108 zephyr/kernel/libkernel.a(init.c.obj)
 .text.z_bss_zero
                0x00000000080038a4       0x2c zephyr/kernel/libkernel.a(init.c.obj)
                0x00000000080038a4                z_bss_zero
 .text.z_init_cpu
                0x00000000080038d0       0x78 zephyr/kernel/libkernel.a(init.c.obj)
                0x00000000080038d0                z_init_cpu
 .text.z_cstart
                0x0000000008003948       0xc8 zephyr/kernel/libkernel.a(init.c.obj)
                0x0000000008003948                z_cstart
 .text.idle     0x0000000008003a10       0x48 zephyr/kernel/libkernel.a(idle.c.obj)
                0x0000000008003a10                idle
 .text.unpend_thread_no_timeout
                0x0000000008003a58       0x40 zephyr/kernel/libkernel.a(sem.c.obj)
 .text.z_impl_k_sem_give
                0x0000000008003a98       0xfc zephyr/kernel/libkernel.a(sem.c.obj)
                0x0000000008003a98                z_impl_k_sem_give
 .text.z_impl_k_sem_take
                0x0000000008003b94       0xf4 zephyr/kernel/libkernel.a(sem.c.obj)
                0x0000000008003b94                z_impl_k_sem_take
 .text.z_impl_k_thread_name_set
                0x0000000008003c88       0x20 zephyr/kernel/libkernel.a(thread.c.obj)
                0x0000000008003c88                z_impl_k_thread_name_set
 .text.z_setup_new_thread
                0x0000000008003ca8      0x104 zephyr/kernel/libkernel.a(thread.c.obj)
                0x0000000008003ca8                z_setup_new_thread
 .text.z_impl_k_thread_create
                0x0000000008003dac       0x8c zephyr/kernel/libkernel.a(thread.c.obj)
                0x0000000008003dac                z_impl_k_thread_create
 .text.z_dummy_thread_init
                0x0000000008003e38       0x1c zephyr/kernel/libkernel.a(thread.c.obj)
                0x0000000008003e38                z_dummy_thread_init
 .text.z_swap_irqlock
                0x0000000008003e54       0x34 zephyr/kernel/libkernel.a(sched.c.obj)
 .text.unready_thread
                0x0000000008003e88       0xa4 zephyr/kernel/libkernel.a(sched.c.obj)
 .text.unpend_thread_no_timeout
                0x0000000008003f2c       0x38 zephyr/kernel/libkernel.a(sched.c.obj)
 .text.ready_thread
                0x0000000008003f64       0xd4 zephyr/kernel/libkernel.a(sched.c.obj)
 .text.move_thread_to_end_of_prio_q
                0x0000000008004038       0xf4 zephyr/kernel/libkernel.a(sched.c.obj)
                0x0000000008004038                move_thread_to_end_of_prio_q
 .text.z_ready_thread
                0x000000000800412c       0x8c zephyr/kernel/libkernel.a(sched.c.obj)
                0x000000000800412c                z_ready_thread
 .text.z_sched_wake_thread
                0x00000000080041b8       0xa8 zephyr/kernel/libkernel.a(sched.c.obj)
                0x00000000080041b8                z_sched_wake_thread
 .text.z_pend_curr
                0x0000000008004260      0x10c zephyr/kernel/libkernel.a(sched.c.obj)
                0x0000000008004260                z_pend_curr
 .text.z_reschedule
                0x000000000800436c       0x8c zephyr/kernel/libkernel.a(sched.c.obj)
                0x000000000800436c                z_reschedule
 .text.z_reschedule_irqlock
                0x00000000080043f8       0x28 zephyr/kernel/libkernel.a(sched.c.obj)
                0x00000000080043f8                z_reschedule_irqlock
 .text.k_sched_lock
                0x0000000008004420       0xdc zephyr/kernel/libkernel.a(sched.c.obj)
                0x0000000008004420                k_sched_lock
 .text.k_sched_unlock
                0x00000000080044fc      0x120 zephyr/kernel/libkernel.a(sched.c.obj)
                0x00000000080044fc                k_sched_unlock
 .text.z_sched_init
                0x000000000800461c       0x10 zephyr/kernel/libkernel.a(sched.c.obj)
                0x000000000800461c                z_sched_init
 .text.z_impl_k_wakeup
                0x000000000800462c       0xb0 zephyr/kernel/libkernel.a(sched.c.obj)
                0x000000000800462c                z_impl_k_wakeup
 .text.z_impl_k_sched_current_thread_query
                0x00000000080046dc        0xc zephyr/kernel/libkernel.a(sched.c.obj)
                0x00000000080046dc                z_impl_k_sched_current_thread_query
 .text.z_thread_abort
                0x00000000080046e8      0x248 zephyr/kernel/libkernel.a(sched.c.obj)
                0x00000000080046e8                z_thread_abort
 .text.z_impl_k_thread_join
                0x0000000008004930      0x148 zephyr/kernel/libkernel.a(sched.c.obj)
                0x0000000008004930                z_impl_k_thread_join
 .text.slice_timeout
                0x0000000008004a78       0x5c zephyr/kernel/libkernel.a(timeslicing.c.obj)
 .text.thread_is_sliceable
                0x0000000008004ad4       0x3c zephyr/kernel/libkernel.a(timeslicing.c.obj)
                0x0000000008004ad4                thread_is_sliceable
 .text.z_reset_time_slice
                0x0000000008004b10       0x50 zephyr/kernel/libkernel.a(timeslicing.c.obj)
                0x0000000008004b10                z_reset_time_slice
 .text.z_time_slice
                0x0000000008004b60       0xc8 zephyr/kernel/libkernel.a(timeslicing.c.obj)
                0x0000000008004b60                z_time_slice
 .text.z_spin_lock_valid
                0x0000000008004c28       0x1c zephyr/kernel/libkernel.a(spinlock_validate.c.obj)
                0x0000000008004c28                z_spin_lock_valid
 .text.z_spin_unlock_valid
                0x0000000008004c44       0x2c zephyr/kernel/libkernel.a(spinlock_validate.c.obj)
                0x0000000008004c44                z_spin_unlock_valid
 .text.z_spin_lock_set_owner
                0x0000000008004c70       0x10 zephyr/kernel/libkernel.a(spinlock_validate.c.obj)
                0x0000000008004c70                z_spin_lock_set_owner
 .text.z_data_copy
                0x0000000008004c80       0x50 zephyr/kernel/libkernel.a(xip.c.obj)
                0x0000000008004c80                z_data_copy
 .text.first    0x0000000008004cd0       0x10 zephyr/kernel/libkernel.a(timeout.c.obj)
 .text.elapsed  0x0000000008004ce0       0x14 zephyr/kernel/libkernel.a(timeout.c.obj)
 .text.remove_timeout
                0x0000000008004cf4       0x38 zephyr/kernel/libkernel.a(timeout.c.obj)
 .text.z_add_timeout
                0x0000000008004d2c      0x1c8 zephyr/kernel/libkernel.a(timeout.c.obj)
                0x0000000008004d2c                z_add_timeout
 .text.z_abort_timeout
                0x0000000008004ef4       0xbc zephyr/kernel/libkernel.a(timeout.c.obj)
                0x0000000008004ef4                z_abort_timeout
 .text.sys_clock_announce
                0x0000000008004fb0      0x14c zephyr/kernel/libkernel.a(timeout.c.obj)
                0x0000000008004fb0                sys_clock_announce
 .text.boot_banner
                0x00000000080050fc        0xc zephyr/kernel/libkernel.a(banner.c.obj)
                0x00000000080050fc                boot_banner
 .text.__l_vfprintf
                0x0000000008005108      0x4b8 /home/lakshminarasimhans/zephyr-sdk-0.17.1/arm-zephyr-eabi/bin/../lib/gcc/../../picolibc/arm-zephyr-eabi/lib/thumb/v7e-m/nofp/libc.a(libc_tinystdio_vflprintf.c.o)
                0x0000000008005108                __l_vfprintf
 .text._OffsetAbsSyms
                0x00000000080055c0        0x2 zephyr/CMakeFiles/offsets.dir/./arch/arm/core/offsets/offsets.c.obj
                0x00000000080055c0                _OffsetAbsSyms
 .text.chunk_field
                0x00000000080055c2       0x16 zephyr/libzephyr.a(heap.c.obj)
 .text.chunk_set
                0x00000000080055d8       0x16 zephyr/libzephyr.a(heap.c.obj)
 .text.chunk_size
                0x00000000080055ee        0xc zephyr/libzephyr.a(heap.c.obj)
 .text.set_chunk_used
                0x00000000080055fa       0x30 zephyr/libzephyr.a(heap.c.obj)
 .text.set_chunk_size
                0x000000000800562a        0x8 zephyr/libzephyr.a(heap.c.obj)
 .text.bytes_to_chunksz.isra.0
                0x0000000008005632       0x14 zephyr/libzephyr.a(heap.c.obj)
 .text.bucket_idx.isra.0
                0x0000000008005646       0x18 zephyr/libzephyr.a(heap.c.obj)
 .text.free_list_add
                0x000000000800565e       0x84 zephyr/libzephyr.a(heap.c.obj)
 .text.arch_printk_char_out
                0x00000000080056e2        0x4 zephyr/libzephyr.a(printk.c.obj)
                0x00000000080056e2                arch_printk_char_out
 .text.printk   0x00000000080056e6       0x1a zephyr/libzephyr.a(printk.c.obj)
                0x00000000080056e6                printk
 .text.assert_post_action
                0x0000000008005700       0x12 zephyr/libzephyr.a(assert.c.obj)
                0x0000000008005700                assert_post_action
 .text.assert_print
                0x0000000008005712       0x1a zephyr/libzephyr.a(assert.c.obj)
                0x0000000008005712                assert_print
 .text._ConfigAbsSyms
                0x000000000800572c        0x2 zephyr/libzephyr.a(configs.c.obj)
                0x000000000800572c                _ConfigAbsSyms
 .text.z_log_minimal_printk
                0x000000000800572e       0x1a zephyr/libzephyr.a(log_minimal.c.obj)
                0x000000000800572e                z_log_minimal_printk
 .text.z_do_kernel_oops
                0x0000000008005748        0x8 zephyr/arch/arch/arm/core/libarch__arm__core.a(fatal.c.obj)
                0x0000000008005748                z_do_kernel_oops
 .text.z_arm_nmi
                0x0000000008005750        0xe zephyr/arch/arch/arm/core/libarch__arm__core.a(nmi.c.obj)
                0x0000000008005750                z_arm_nmi
 .text.z_irq_spurious
                0x000000000800575e        0x8 zephyr/arch/arch/arm/core/cortex_m/libarch__arm__core__cortex_m.a(irq_manage.c.obj)
                0x000000000800575e                z_irq_spurious
 .text.arch_irq_unlock_outlined
                0x0000000008005766        0xe zephyr/arch/arch/arm/core/cortex_m/libarch__arm__core__cortex_m.a(thread.c.obj)
                0x0000000008005766                arch_irq_unlock_outlined
 .text.arch_cpu_idle
                0x0000000008005774       0x1a zephyr/arch/arch/arm/core/cortex_m/libarch__arm__core__cortex_m.a(cpu_idle.c.obj)
                0x0000000008005774                arch_cpu_idle
 .text.size_to_mpu_rasr_size
                0x000000000800578e       0x20 zephyr/arch/arch/arm/core/mpu/libarch__arm__core__mpu.a(arm_mpu.c.obj)
 .text.picolibc_put
                0x00000000080057ae        0xa zephyr/lib/libc/picolibc/liblib__libc__picolibc.a(stdio.c.obj)
 .text.test_main
                0x00000000080057b8       0x16 zephyr/subsys/testsuite/ztest/libsubsys__testsuite__ztest.a(ztest.c.obj)
                0x00000000080057b8                test_main
 .text.z_ztest_should_suite_run
                0x00000000080057ce        0xa zephyr/subsys/testsuite/ztest/libsubsys__testsuite__ztest.a(ztest_defaults.c.obj)
                0x00000000080057ce                z_ztest_should_suite_run
 .text.z_ztest_should_test_run
                0x00000000080057d8        0x4 zephyr/subsys/testsuite/ztest/libsubsys__testsuite__ztest.a(ztest_defaults.c.obj)
                0x00000000080057d8                z_ztest_should_test_run
 .text.z_ztest_run_all
                0x00000000080057dc        0x4 zephyr/subsys/testsuite/ztest/libsubsys__testsuite__ztest.a(ztest_defaults.c.obj)
                0x00000000080057dc                z_ztest_run_all
 .text.ztest_relative_filename
                0x00000000080057e0        0x2 zephyr/subsys/testsuite/ztest/libsubsys__testsuite__ztest.a(ztest_defaults.c.obj)
                0x00000000080057e0                ztest_relative_filename
 .text.stm32_gpio_intc_get_pin_irq_line
                0x00000000080057e2        0x6 zephyr/drivers/interrupt_controller/libdrivers__interrupt_controller.a(intc_exti_stm32.c.obj)
                0x00000000080057e2                stm32_gpio_intc_get_pin_irq_line
 .text.stm32_gpio_intc_disable_line
                0x00000000080057e8       0x12 zephyr/drivers/interrupt_controller/libdrivers__interrupt_controller.a(intc_exti_stm32.c.obj)
                0x00000000080057e8                stm32_gpio_intc_disable_line
 .text.enabled_clock
                0x00000000080057fa       0x1e zephyr/drivers/clock_control/libdrivers__clock_control.a(clock_stm32_ll_h7.c.obj)
                0x00000000080057fa                enabled_clock
 .text.gpio_stm32_port_get_raw
                0x0000000008005818        0xc zephyr/drivers/gpio/libdrivers__gpio.a(gpio_stm32.c.obj)
 .text.gpio_stm32_port_set_bits_raw
                0x0000000008005824        0xa zephyr/drivers/gpio/libdrivers__gpio.a(gpio_stm32.c.obj)
 .text.gpio_stm32_port_clear_bits_raw
                0x000000000800582e        0xc zephyr/drivers/gpio/libdrivers__gpio.a(gpio_stm32.c.obj)
 .text.gpio_stm32_config
                0x000000000800583a       0xd8 zephyr/drivers/gpio/libdrivers__gpio.a(gpio_stm32.c.obj)
 .text.gpio_stm32_configure
                0x0000000008005912       0x30 zephyr/drivers/gpio/libdrivers__gpio.a(gpio_stm32.c.obj)
                0x0000000008005912                gpio_stm32_configure
 .text.i2c_stm32_irq_config_func_0
                0x0000000008005942       0x26 zephyr/drivers/i2c/libdrivers__i2c.a(i2c_ll_stm32.c.obj)
 .text.i2c_stm32_transfer
                0x0000000008005968       0x8e zephyr/drivers/i2c/libdrivers__i2c.a(i2c_ll_stm32.c.obj)
 .text.i2c_stm32_event_isr
                0x00000000080059f6        0x4 zephyr/drivers/i2c/libdrivers__i2c.a(i2c_ll_stm32_common.c.obj)
                0x00000000080059f6                i2c_stm32_event_isr
 .text.i2c_stm32_error_isr
                0x00000000080059fa        0x4 zephyr/drivers/i2c/libdrivers__i2c.a(i2c_ll_stm32_common.c.obj)
                0x00000000080059fa                i2c_stm32_error_isr
 .text.i2c_stm32_disable_transfer_interrupts
                0x00000000080059fe       0x3e zephyr/drivers/i2c/libdrivers__i2c.a(i2c_ll_stm32_v2.c.obj)
 .text.i2c_stm32_enable_transfer_interrupts.isra.0
                0x0000000008005a3c       0x24 zephyr/drivers/i2c/libdrivers__i2c.a(i2c_ll_stm32_v2.c.obj)
 .text.i2c_stm32_master_mode_end
                0x0000000008005a60       0x32 zephyr/drivers/i2c/libdrivers__i2c.a(i2c_ll_stm32_v2.c.obj)
 .text.i2c_stm32_event
                0x0000000008005a92       0x8c zephyr/drivers/i2c/libdrivers__i2c.a(i2c_ll_stm32_v2.c.obj)
                0x0000000008005a92                i2c_stm32_event
 .text.i2c_stm32_error
                0x0000000008005b1e       0x3e zephyr/drivers/i2c/libdrivers__i2c.a(i2c_ll_stm32_v2.c.obj)
                0x0000000008005b1e                i2c_stm32_error
 .text.i2c_stm32_transaction
                0x0000000008005b5c      0x150 zephyr/drivers/i2c/libdrivers__i2c.a(i2c_ll_stm32_v2.c.obj)
                0x0000000008005b5c                i2c_stm32_transaction
 .text.pinctrl_lookup_state
                0x0000000008005cac       0x26 zephyr/drivers/pinctrl/libdrivers__pinctrl.a(common.c.obj)
                0x0000000008005cac                pinctrl_lookup_state
 .text.reset_stm32_status
                0x0000000008005cd2       0x22 zephyr/drivers/reset/libdrivers__reset.a(reset_stm32.c.obj)
 .text.reset_stm32_line_assert
                0x0000000008005cf4       0x1c zephyr/drivers/reset/libdrivers__reset.a(reset_stm32.c.obj)
 .text.reset_stm32_line_deassert
                0x0000000008005d10       0x1e zephyr/drivers/reset/libdrivers__reset.a(reset_stm32.c.obj)
 .text.reset_stm32_line_toggle
                0x0000000008005d2e       0x16 zephyr/drivers/reset/libdrivers__reset.a(reset_stm32.c.obj)
 .text.uart_stm32_ll2cfg_databits
                0x0000000008005d44       0x2a zephyr/drivers/serial/libdrivers__serial.a(uart_stm32.c.obj)
 .text.uart_stm32_err_check
                0x0000000008005d6e       0x5a zephyr/drivers/serial/libdrivers__serial.a(uart_stm32.c.obj)
 .text.uart_stm32_poll_out
                0x0000000008005dc8       0x36 zephyr/drivers/serial/libdrivers__serial.a(uart_stm32.c.obj)
 .text.uart_stm32_poll_in
                0x0000000008005dfe       0x22 zephyr/drivers/serial/libdrivers__serial.a(uart_stm32.c.obj)
 .text.uart_stm32_config_get
                0x0000000008005e20       0x92 zephyr/drivers/serial/libdrivers__serial.a(uart_stm32.c.obj)
 .text.uart_stm32_parameters_set
                0x0000000008005eb2      0x136 zephyr/drivers/serial/libdrivers__serial.a(uart_stm32.c.obj)
 .text.z_impl_device_is_ready
                0x0000000008005fe8       0x16 zephyr/kernel/libkernel.a(device.c.obj)
                0x0000000008005fe8                z_impl_device_is_ready
 .text.arch_system_halt
                0x0000000008005ffe       0x10 zephyr/kernel/libkernel.a(fatal.c.obj)
                0x0000000008005ffe                arch_system_halt
 .text.do_device_init
                0x000000000800600e       0x2e zephyr/kernel/libkernel.a(init.c.obj)
 .text.z_early_memset
                0x000000000800603c        0x4 zephyr/kernel/libkernel.a(init.c.obj)
                0x000000000800603c                z_early_memset
 .text.z_early_memcpy
                0x0000000008006040        0x4 zephyr/kernel/libkernel.a(init.c.obj)
                0x0000000008006040                z_early_memcpy
 .text.z_impl_k_sem_init
                0x0000000008006044       0x18 zephyr/kernel/libkernel.a(sem.c.obj)
                0x0000000008006044                z_impl_k_sem_init
 .text.k_is_in_isr
                0x000000000800605c        0xc zephyr/kernel/libkernel.a(thread.c.obj)
                0x000000000800605c                k_is_in_isr
 .text.k_thread_name_get
                0x0000000008006068        0x4 zephyr/kernel/libkernel.a(thread.c.obj)
                0x0000000008006068                k_thread_name_get
 .text.sys_dlist_remove
                0x000000000800606c       0x10 zephyr/kernel/libkernel.a(sched.c.obj)
 .text.add_to_waitq_locked
                0x000000000800607c       0x50 zephyr/kernel/libkernel.a(sched.c.obj)
 .text.z_thread_timeout
                0x00000000080060cc        0x8 zephyr/kernel/libkernel.a(sched.c.obj)
                0x00000000080060cc                z_thread_timeout
 .text.next_timeout
                0x00000000080060d4       0x2e zephyr/kernel/libkernel.a(timeout.c.obj)
 .text.memcpy   0x0000000008006102       0x1c /home/lakshminarasimhans/zephyr-sdk-0.17.1/arm-zephyr-eabi/bin/../lib/gcc/../../picolibc/arm-zephyr-eabi/lib/thumb/v7e-m/nofp/libc.a(memcpy.c.o)
                0x0000000008006102                memcpy
                0x0000000008006102                __aeabi_memcpy
                0x0000000008006102                __aeabi_memcpy4
                0x0000000008006102                __aeabi_memcpy8
 .text.memset   0x000000000800611e       0x10 /home/lakshminarasimhans/zephyr-sdk-0.17.1/arm-zephyr-eabi/bin/../lib/gcc/../../picolibc/arm-zephyr-eabi/lib/thumb/v7e-m/nofp/libc.a(memset.c.o)
                0x000000000800611e                memset
 .text.strncpy  0x000000000800612e       0x20 /home/lakshminarasimhans/zephyr-sdk-0.17.1/arm-zephyr-eabi/bin/../lib/gcc/../../picolibc/arm-zephyr-eabi/lib/thumb/v7e-m/nofp/libc.a(libc_string_strncpy.c.o)
                0x000000000800612e                strncpy
 .text.strnlen  0x000000000800614e       0x18 /home/lakshminarasimhans/zephyr-sdk-0.17.1/arm-zephyr-eabi/bin/../lib/gcc/../../picolibc/arm-zephyr-eabi/lib/thumb/v7e-m/nofp/libc.a(libc_string_strnlen.c.o)
                0x000000000800614e                strnlen
 .text.__ultoa_invert
                0x0000000008006166       0xae /home/lakshminarasimhans/zephyr-sdk-0.17.1/arm-zephyr-eabi/bin/../lib/gcc/../../picolibc/arm-zephyr-eabi/lib/thumb/v7e-m/nofp/libc.a(libc_tinystdio_vflprintf.c.o)
 *(SORT_BY_ALIGNMENT(.TEXT.*))
 .TEXT.__aeabi_read_tp
                0x0000000008006214        0xc zephyr/arch/arch/arm/core/cortex_m/libarch__arm__core__cortex_m.a(__aeabi_read_tp.S.obj)
                0x0000000008006214                __aeabi_read_tp
 *(SORT_BY_ALIGNMENT(.gnu.linkonce.t.*))
 *(SORT_BY_ALIGNMENT(.glue_7t))
 .glue_7t       0x0000000008006220        0x0 linker stubs
 *(SORT_BY_ALIGNMENT(.glue_7))
 .glue_7        0x0000000008006220        0x0 linker stubs
 *(SORT_BY_ALIGNMENT(.vfp11_veneer))
 .vfp11_veneer  0x0000000008006220        0x0 linker stubs
 *(SORT_BY_ALIGNMENT(.v4_bx))
 .v4_bx         0x0000000008006220        0x0 linker stubs
                0x0000000008006220                . = ALIGN (0x4)
                0x0000000008006220                __text_region_end = .

.ARM.exidx      0x0000000008006220        0x8
                0x0000000008006220                __exidx_start = .
 *(SORT_BY_ALIGNMENT(.ARM.exidx*) SORT_BY_ALIGNMENT(gnu.linkonce.armexidx.*))
 .ARM.exidx     0x0000000008006220        0x8 /home/lakshminarasimhans/zephyr-sdk-0.17.1/arm-zephyr-eabi/bin/../lib/gcc/../../picolibc/arm-zephyr-eabi/lib/thumb/v7e-m/nofp/libc.a(strcmp.S.o)
 .ARM.exidx     0x0000000008006228        0x0 /home/lakshminarasimhans/zephyr-sdk-0.17.1/arm-zephyr-eabi/bin/../lib/gcc/arm-zephyr-eabi/12.2.0/thumb/v7e-m/nofp/libgcc.a(_udivmoddi4.o)
                                          0x8 (size before relaxing)
                0x0000000008006228                __exidx_end = .
                0x0000000008006228                __rodata_region_start = .

initlevel       0x0000000008006228       0xb0
                0x0000000008006228                __init_start = .
                0x0000000008006228                __init_EARLY_start = .
 *(SORT_BY_NAME(SORT_BY_ALIGNMENT(.z_init_EARLY_P_?_*)))
 *(SORT_BY_NAME(SORT_BY_ALIGNMENT(.z_init_EARLY_P_??_*)))
 *(SORT_BY_NAME(SORT_BY_ALIGNMENT(.z_init_EARLY_P_???_*)))
                0x0000000008006228                __init_PRE_KERNEL_1_start = .
 *(SORT_BY_NAME(SORT_BY_ALIGNMENT(.z_init_PRE_KERNEL_1_P_?_*)))
 .z_init_PRE_KERNEL_1_P_1_SUB_00009_
                0x0000000008006228        0x8 zephyr/drivers/clock_control/libdrivers__clock_control.a(clock_stm32_ll_h7.c.obj)
 .z_init_PRE_KERNEL_1_P_1_SUB_0_
                0x0000000008006230        0x8 zephyr/libzephyr.a(soc_config.c.obj)
 *(SORT_BY_NAME(SORT_BY_ALIGNMENT(.z_init_PRE_KERNEL_1_P_??_*)))
 .z_init_PRE_KERNEL_1_P_35_SUB_00054_
                0x0000000008006238        0x8 zephyr/drivers/reset/libdrivers__reset.a(reset_stm32.c.obj)
 .z_init_PRE_KERNEL_1_P_40_SUB_00043_
                0x0000000008006240        0x8 zephyr/drivers/gpio/libdrivers__gpio.a(gpio_stm32.c.obj)
 .z_init_PRE_KERNEL_1_P_40_SUB_00046_
                0x0000000008006248        0x8 zephyr/drivers/gpio/libdrivers__gpio.a(gpio_stm32.c.obj)
 .z_init_PRE_KERNEL_1_P_40_SUB_00047_
                0x0000000008006250        0x8 zephyr/drivers/gpio/libdrivers__gpio.a(gpio_stm32.c.obj)
 .z_init_PRE_KERNEL_1_P_40_SUB_00078_
                0x0000000008006258        0x8 zephyr/drivers/interrupt_controller/libdrivers__interrupt_controller.a(intc_exti_stm32.c.obj)
 .z_init_PRE_KERNEL_1_P_40_SUB_00099_
                0x0000000008006260        0x8 zephyr/drivers/gpio/libdrivers__gpio.a(gpio_stm32.c.obj)
 .z_init_PRE_KERNEL_1_P_40_SUB_00134_
                0x0000000008006268        0x8 zephyr/drivers/gpio/libdrivers__gpio.a(gpio_stm32.c.obj)
 .z_init_PRE_KERNEL_1_P_40_SUB_00135_
                0x0000000008006270        0x8 zephyr/drivers/gpio/libdrivers__gpio.a(gpio_stm32.c.obj)
 .z_init_PRE_KERNEL_1_P_40_SUB_00136_
                0x0000000008006278        0x8 zephyr/drivers/gpio/libdrivers__gpio.a(gpio_stm32.c.obj)
 .z_init_PRE_KERNEL_1_P_40_SUB_00137_
                0x0000000008006280        0x8 zephyr/drivers/gpio/libdrivers__gpio.a(gpio_stm32.c.obj)
 .z_init_PRE_KERNEL_1_P_40_SUB_00138_
                0x0000000008006288        0x8 zephyr/drivers/gpio/libdrivers__gpio.a(gpio_stm32.c.obj)
 .z_init_PRE_KERNEL_1_P_40_SUB_00139_
                0x0000000008006290        0x8 zephyr/drivers/gpio/libdrivers__gpio.a(gpio_stm32.c.obj)
 .z_init_PRE_KERNEL_1_P_40_SUB_00140_
                0x0000000008006298        0x8 zephyr/drivers/gpio/libdrivers__gpio.a(gpio_stm32.c.obj)
 .z_init_PRE_KERNEL_1_P_50_SUB_00087_
                0x00000000080062a0        0x8 zephyr/drivers/serial/libdrivers__serial.a(uart_stm32.c.obj)
 .z_init_PRE_KERNEL_1_P_50_SUB_00096_
                0x00000000080062a8        0x8 zephyr/drivers/serial/libdrivers__serial.a(uart_stm32.c.obj)
 .z_init_PRE_KERNEL_1_P_60_SUB_0_
                0x00000000080062b0        0x8 zephyr/drivers/console/libdrivers__console.a(uart_console.c.obj)
 *(SORT_BY_NAME(SORT_BY_ALIGNMENT(.z_init_PRE_KERNEL_1_P_???_*)))
                0x00000000080062b8                __init_PRE_KERNEL_2_start = .
 *(SORT_BY_NAME(SORT_BY_ALIGNMENT(.z_init_PRE_KERNEL_2_P_?_*)))
 .z_init_PRE_KERNEL_2_P_0_SUB_0_
                0x00000000080062b8        0x8 zephyr/drivers/timer/libdrivers__timer.a(cortex_m_systick.c.obj)
 *(SORT_BY_NAME(SORT_BY_ALIGNMENT(.z_init_PRE_KERNEL_2_P_??_*)))
 *(SORT_BY_NAME(SORT_BY_ALIGNMENT(.z_init_PRE_KERNEL_2_P_???_*)))
                0x00000000080062c0                __init_POST_KERNEL_start = .
 *(SORT_BY_NAME(SORT_BY_ALIGNMENT(.z_init_POST_KERNEL_P_?_*)))
 *(SORT_BY_NAME(SORT_BY_ALIGNMENT(.z_init_POST_KERNEL_P_??_*)))
 .z_init_POST_KERNEL_P_35_SUB_0_
                0x00000000080062c0        0x8 zephyr/lib/libc/common/liblib__libc__common.a(malloc.c.obj)
 .z_init_POST_KERNEL_P_50_SUB_00022_
                0x00000000080062c8        0x8 zephyr/drivers/i2c/libdrivers__i2c.a(i2c_ll_stm32.c.obj)
 .z_init_POST_KERNEL_P_90_SUB_0_
                0x00000000080062d0        0x8 zephyr/libzephyr.a(soc_m7.c.obj)
 *(SORT_BY_NAME(SORT_BY_ALIGNMENT(.z_init_POST_KERNEL_P_???_*)))
                0x00000000080062d8                __init_APPLICATION_start = .
 *(SORT_BY_NAME(SORT_BY_ALIGNMENT(.z_init_APPLICATION_P_?_*)))
 *(SORT_BY_NAME(SORT_BY_ALIGNMENT(.z_init_APPLICATION_P_??_*)))
 *(SORT_BY_NAME(SORT_BY_ALIGNMENT(.z_init_APPLICATION_P_???_*)))
                0x00000000080062d8                __init_SMP_start = .
 *(SORT_BY_NAME(SORT_BY_ALIGNMENT(.z_init_SMP_P_?_*)))
 *(SORT_BY_NAME(SORT_BY_ALIGNMENT(.z_init_SMP_P_??_*)))
 *(SORT_BY_NAME(SORT_BY_ALIGNMENT(.z_init_SMP_P_???_*)))
                0x00000000080062d8                __init_end = .

device_area     0x00000000080062d8      0x220
                0x00000000080062d8                _device_list_start = .
 *(SORT_BY_NAME(SORT_BY_ALIGNMENT(._device.static.*_?_*)))
 ._device.static.1_1_
                0x00000000080062d8       0x20 zephyr/drivers/clock_control/libdrivers__clock_control.a(clock_stm32_ll_h7.c.obj)
                0x00000000080062d8                __device_dts_ord_9
 *(SORT_BY_NAME(SORT_BY_ALIGNMENT(._device.static.*_??_*)))
 ._device.static.1_35_
                0x00000000080062f8       0x20 zephyr/drivers/reset/libdrivers__reset.a(reset_stm32.c.obj)
                0x00000000080062f8                __device_dts_ord_54
 ._device.static.1_40_
                0x0000000008006318       0x20 zephyr/drivers/interrupt_controller/libdrivers__interrupt_controller.a(intc_exti_stm32.c.obj)
                0x0000000008006318                __device_dts_ord_78
 ._device.static.1_40_
                0x0000000008006338      0x160 zephyr/drivers/gpio/libdrivers__gpio.a(gpio_stm32.c.obj)
                0x0000000008006338                __device_dts_ord_140
                0x0000000008006358                __device_dts_ord_139
                0x0000000008006378                __device_dts_ord_138
                0x0000000008006398                __device_dts_ord_137
                0x00000000080063b8                __device_dts_ord_136
                0x00000000080063d8                __device_dts_ord_135
                0x00000000080063f8                __device_dts_ord_47
                0x0000000008006418                __device_dts_ord_99
                0x0000000008006438                __device_dts_ord_43
                0x0000000008006458                __device_dts_ord_46
                0x0000000008006478                __device_dts_ord_134
 ._device.static.1_50_
                0x0000000008006498       0x40 zephyr/drivers/serial/libdrivers__serial.a(uart_stm32.c.obj)
                0x0000000008006498                __device_dts_ord_96
                0x00000000080064b8                __device_dts_ord_87
 ._device.static.3_50_
                0x00000000080064d8       0x20 zephyr/drivers/i2c/libdrivers__i2c.a(i2c_ll_stm32.c.obj)
                0x00000000080064d8                __device_dts_ord_22
 *(SORT_BY_NAME(SORT_BY_ALIGNMENT(._device.static.*_???_*)))
 *(SORT_BY_NAME(SORT_BY_ALIGNMENT(._device.static.*_????_*)))
 *(SORT_BY_NAME(SORT_BY_ALIGNMENT(._device.static.*_?????_*)))
                0x00000000080064f8                _device_list_end = .

sw_isr_table    0x00000000080064f8      0x4b0
                0x00000000080064f8                . = ALIGN (0x4)
 *(SORT_BY_ALIGNMENT(.gnu.linkonce.sw_isr_table*))
 .gnu.linkonce.sw_isr_table
                0x00000000080064f8      0x4b0 zephyr/CMakeFiles/zephyr_final.dir/isr_tables.c.obj
                0x00000000080064f8                _sw_isr_table

initlevel_error
                0x0000000008006228        0x0
 *(SORT_BY_NAME(SORT_BY_ALIGNMENT(.z_init_*)))
                0x0000000000000001                ASSERT ((SIZEOF (initlevel_error) == 0x0), Undefined initialization levels used.)

app_shmem_regions
                0x00000000080069a8        0x0
                0x00000000080069a8                __app_shmem_regions_start = .
 *(SORT_BY_NAME(SORT_BY_ALIGNMENT(.app_regions.*)))
                0x00000000080069a8                __app_shmem_regions_end = .

k_p4wq_initparam_area
                0x00000000080069a8        0x0
                0x00000000080069a8                _k_p4wq_initparam_list_start = .
 *(SORT_BY_NAME(SORT_BY_ALIGNMENT(._k_p4wq_initparam.static.*)))
                0x00000000080069a8                _k_p4wq_initparam_list_end = .

_static_thread_data_area
                0x00000000080069a8        0x0
                0x00000000080069a8                __static_thread_data_list_start = .
 *(SORT_BY_NAME(SORT_BY_ALIGNMENT(.__static_thread_data.static.*)))
                0x00000000080069a8                __static_thread_data_list_end = .

device_deps     0x00000000080069a8        0x0
                0x00000000080069a8                __device_deps_start = .
 *(SORT_BY_NAME(SORT_BY_ALIGNMENT(.__device_deps_pass2*)))
                0x00000000080069a8                __device_deps_end = .

gpio_driver_api_area
                0x00000000080069a8       0x24
                0x00000000080069a8                _gpio_driver_api_list_start = .
 *(SORT_BY_NAME(SORT_BY_ALIGNMENT(._gpio_driver_api.static.*)))
 ._gpio_driver_api.static.gpio_stm32_driver_
                0x00000000080069a8       0x24 zephyr/drivers/gpio/libdrivers__gpio.a(gpio_stm32.c.obj)
                0x00000000080069cc                _gpio_driver_api_list_end = .

i2c_driver_api_area
                0x00000000080069cc       0x18
                0x00000000080069cc                _i2c_driver_api_list_start = .
 *(SORT_BY_NAME(SORT_BY_ALIGNMENT(._i2c_driver_api.static.*)))
 ._i2c_driver_api.static.api_funcs_
                0x00000000080069cc       0x18 zephyr/drivers/i2c/libdrivers__i2c.a(i2c_ll_stm32.c.obj)
                0x00000000080069e4                _i2c_driver_api_list_end = .

i2c_target_driver_api_area
                0x00000000080069e4        0x0
                0x00000000080069e4                _i2c_target_driver_api_list_start = .
 *(SORT_BY_NAME(SORT_BY_ALIGNMENT(._i2c_target_driver_api.static.*)))
                0x00000000080069e4                _i2c_target_driver_api_list_end = .

reset_driver_api_area
                0x00000000080069e4       0x10
                0x00000000080069e4                _reset_driver_api_list_start = .
 *(SORT_BY_NAME(SORT_BY_ALIGNMENT(._reset_driver_api.static.*)))
 ._reset_driver_api.static.reset_stm32_driver_api_
                0x00000000080069e4       0x10 zephyr/drivers/reset/libdrivers__reset.a(reset_stm32.c.obj)
                0x00000000080069f4                _reset_driver_api_list_end = .

shared_irq_driver_api_area
                0x00000000080069f4        0x0
                0x00000000080069f4                _shared_irq_driver_api_list_start = .
 *(SORT_BY_NAME(SORT_BY_ALIGNMENT(._shared_irq_driver_api.static.*)))
                0x00000000080069f4                _shared_irq_driver_api_list_end = .

crypto_driver_api_area
                0x00000000080069f4        0x0
                0x00000000080069f4                _crypto_driver_api_list_start = .
 *(SORT_BY_NAME(SORT_BY_ALIGNMENT(._crypto_driver_api.static.*)))
                0x00000000080069f4                _crypto_driver_api_list_end = .

adc_driver_api_area
                0x00000000080069f4        0x0
                0x00000000080069f4                _adc_driver_api_list_start = .
 *(SORT_BY_NAME(SORT_BY_ALIGNMENT(._adc_driver_api.static.*)))
                0x00000000080069f4                _adc_driver_api_list_end = .

auxdisplay_driver_api_area
                0x00000000080069f4        0x0
                0x00000000080069f4                _auxdisplay_driver_api_list_start = .
 *(SORT_BY_NAME(SORT_BY_ALIGNMENT(._auxdisplay_driver_api.static.*)))
                0x00000000080069f4                _auxdisplay_driver_api_list_end = .

bbram_driver_api_area
                0x00000000080069f4        0x0
                0x00000000080069f4                _bbram_driver_api_list_start = .
 *(SORT_BY_NAME(SORT_BY_ALIGNMENT(._bbram_driver_api.static.*)))
                0x00000000080069f4                _bbram_driver_api_list_end = .

bt_hci_driver_api_area
                0x00000000080069f4        0x0
                0x00000000080069f4                _bt_hci_driver_api_list_start = .
 *(SORT_BY_NAME(SORT_BY_ALIGNMENT(._bt_hci_driver_api.static.*)))
                0x00000000080069f4                _bt_hci_driver_api_list_end = .

can_driver_api_area
                0x00000000080069f4        0x0
                0x00000000080069f4                _can_driver_api_list_start = .
 *(SORT_BY_NAME(SORT_BY_ALIGNMENT(._can_driver_api.static.*)))
                0x00000000080069f4                _can_driver_api_list_end = .

cellular_driver_api_area
                0x00000000080069f4        0x0
                0x00000000080069f4                _cellular_driver_api_list_start = .
 *(SORT_BY_NAME(SORT_BY_ALIGNMENT(._cellular_driver_api.static.*)))
                0x00000000080069f4                _cellular_driver_api_list_end = .

charger_driver_api_area
                0x00000000080069f4        0x0
                0x00000000080069f4                _charger_driver_api_list_start = .
 *(SORT_BY_NAME(SORT_BY_ALIGNMENT(._charger_driver_api.static.*)))
                0x00000000080069f4                _charger_driver_api_list_end = .

clock_control_driver_api_area
                0x00000000080069f4       0x1c
                0x00000000080069f4                _clock_control_driver_api_list_start = .
 *(SORT_BY_NAME(SORT_BY_ALIGNMENT(._clock_control_driver_api.static.*)))
 ._clock_control_driver_api.static.stm32_clock_control_api_
                0x00000000080069f4       0x1c zephyr/drivers/clock_control/libdrivers__clock_control.a(clock_stm32_ll_h7.c.obj)
                0x0000000008006a10                _clock_control_driver_api_list_end = .

comparator_driver_api_area
                0x0000000008006a10        0x0
                0x0000000008006a10                _comparator_driver_api_list_start = .
 *(SORT_BY_NAME(SORT_BY_ALIGNMENT(._comparator_driver_api.static.*)))
                0x0000000008006a10                _comparator_driver_api_list_end = .

coredump_driver_api_area
                0x0000000008006a10        0x0
                0x0000000008006a10                _coredump_driver_api_list_start = .
 *(SORT_BY_NAME(SORT_BY_ALIGNMENT(._coredump_driver_api.static.*)))
                0x0000000008006a10                _coredump_driver_api_list_end = .

counter_driver_api_area
                0x0000000008006a10        0x0
                0x0000000008006a10                _counter_driver_api_list_start = .
 *(SORT_BY_NAME(SORT_BY_ALIGNMENT(._counter_driver_api.static.*)))
                0x0000000008006a10                _counter_driver_api_list_end = .

dac_driver_api_area
                0x0000000008006a10        0x0
                0x0000000008006a10                _dac_driver_api_list_start = .
 *(SORT_BY_NAME(SORT_BY_ALIGNMENT(._dac_driver_api.static.*)))
                0x0000000008006a10                _dac_driver_api_list_end = .

dai_driver_api_area
                0x0000000008006a10        0x0
                0x0000000008006a10                _dai_driver_api_list_start = .
 *(SORT_BY_NAME(SORT_BY_ALIGNMENT(._dai_driver_api.static.*)))
                0x0000000008006a10                _dai_driver_api_list_end = .

display_driver_api_area
                0x0000000008006a10        0x0
                0x0000000008006a10                _display_driver_api_list_start = .
 *(SORT_BY_NAME(SORT_BY_ALIGNMENT(._display_driver_api.static.*)))
                0x0000000008006a10                _display_driver_api_list_end = .

dma_driver_api_area
                0x0000000008006a10        0x0
                0x0000000008006a10                _dma_driver_api_list_start = .
 *(SORT_BY_NAME(SORT_BY_ALIGNMENT(._dma_driver_api.static.*)))
                0x0000000008006a10                _dma_driver_api_list_end = .

edac_driver_api_area
                0x0000000008006a10        0x0
                0x0000000008006a10                _edac_driver_api_list_start = .
 *(SORT_BY_NAME(SORT_BY_ALIGNMENT(._edac_driver_api.static.*)))
                0x0000000008006a10                _edac_driver_api_list_end = .

eeprom_driver_api_area
                0x0000000008006a10        0x0
                0x0000000008006a10                _eeprom_driver_api_list_start = .
 *(SORT_BY_NAME(SORT_BY_ALIGNMENT(._eeprom_driver_api.static.*)))
                0x0000000008006a10                _eeprom_driver_api_list_end = .

emul_bbram_driver_api_area
                0x0000000008006a10        0x0
                0x0000000008006a10                _emul_bbram_driver_api_list_start = .
 *(SORT_BY_NAME(SORT_BY_ALIGNMENT(._emul_bbram_driver_api.static.*)))
                0x0000000008006a10                _emul_bbram_driver_api_list_end = .

fuel_gauge_emul_driver_api_area
                0x0000000008006a10        0x0
                0x0000000008006a10                _fuel_gauge_emul_driver_api_list_start = .
 *(SORT_BY_NAME(SORT_BY_ALIGNMENT(._fuel_gauge_emul_driver_api.static.*)))
                0x0000000008006a10                _fuel_gauge_emul_driver_api_list_end = .

emul_sensor_driver_api_area
                0x0000000008006a10        0x0
                0x0000000008006a10                _emul_sensor_driver_api_list_start = .
 *(SORT_BY_NAME(SORT_BY_ALIGNMENT(._emul_sensor_driver_api.static.*)))
                0x0000000008006a10                _emul_sensor_driver_api_list_end = .

entropy_driver_api_area
                0x0000000008006a10        0x0
                0x0000000008006a10                _entropy_driver_api_list_start = .
 *(SORT_BY_NAME(SORT_BY_ALIGNMENT(._entropy_driver_api.static.*)))
                0x0000000008006a10                _entropy_driver_api_list_end = .

espi_driver_api_area
                0x0000000008006a10        0x0
                0x0000000008006a10                _espi_driver_api_list_start = .
 *(SORT_BY_NAME(SORT_BY_ALIGNMENT(._espi_driver_api.static.*)))
                0x0000000008006a10                _espi_driver_api_list_end = .

espi_saf_driver_api_area
                0x0000000008006a10        0x0
                0x0000000008006a10                _espi_saf_driver_api_list_start = .
 *(SORT_BY_NAME(SORT_BY_ALIGNMENT(._espi_saf_driver_api.static.*)))
                0x0000000008006a10                _espi_saf_driver_api_list_end = .

flash_driver_api_area
                0x0000000008006a10        0x0
                0x0000000008006a10                _flash_driver_api_list_start = .
 *(SORT_BY_NAME(SORT_BY_ALIGNMENT(._flash_driver_api.static.*)))
                0x0000000008006a10                _flash_driver_api_list_end = .

fpga_driver_api_area
                0x0000000008006a10        0x0
                0x0000000008006a10                _fpga_driver_api_list_start = .
 *(SORT_BY_NAME(SORT_BY_ALIGNMENT(._fpga_driver_api.static.*)))
                0x0000000008006a10                _fpga_driver_api_list_end = .

fuel_gauge_driver_api_area
                0x0000000008006a10        0x0
                0x0000000008006a10                _fuel_gauge_driver_api_list_start = .
 *(SORT_BY_NAME(SORT_BY_ALIGNMENT(._fuel_gauge_driver_api.static.*)))
                0x0000000008006a10                _fuel_gauge_driver_api_list_end = .

gnss_driver_api_area
                0x0000000008006a10        0x0
                0x0000000008006a10                _gnss_driver_api_list_start = .
 *(SORT_BY_NAME(SORT_BY_ALIGNMENT(._gnss_driver_api.static.*)))
                0x0000000008006a10                _gnss_driver_api_list_end = .

haptics_driver_api_area
                0x0000000008006a10        0x0
                0x0000000008006a10                _haptics_driver_api_list_start = .
 *(SORT_BY_NAME(SORT_BY_ALIGNMENT(._haptics_driver_api.static.*)))
                0x0000000008006a10                _haptics_driver_api_list_end = .

hwspinlock_driver_api_area
                0x0000000008006a10        0x0
                0x0000000008006a10                _hwspinlock_driver_api_list_start = .
 *(SORT_BY_NAME(SORT_BY_ALIGNMENT(._hwspinlock_driver_api.static.*)))
                0x0000000008006a10                _hwspinlock_driver_api_list_end = .

i2s_driver_api_area
                0x0000000008006a10        0x0
                0x0000000008006a10                _i2s_driver_api_list_start = .
 *(SORT_BY_NAME(SORT_BY_ALIGNMENT(._i2s_driver_api.static.*)))
                0x0000000008006a10                _i2s_driver_api_list_end = .

i3c_driver_api_area
                0x0000000008006a10        0x0
                0x0000000008006a10                _i3c_driver_api_list_start = .
 *(SORT_BY_NAME(SORT_BY_ALIGNMENT(._i3c_driver_api.static.*)))
                0x0000000008006a10                _i3c_driver_api_list_end = .

ipm_driver_api_area
                0x0000000008006a10        0x0
                0x0000000008006a10                _ipm_driver_api_list_start = .
 *(SORT_BY_NAME(SORT_BY_ALIGNMENT(._ipm_driver_api.static.*)))
                0x0000000008006a10                _ipm_driver_api_list_end = .

led_driver_api_area
                0x0000000008006a10        0x0
                0x0000000008006a10                _led_driver_api_list_start = .
 *(SORT_BY_NAME(SORT_BY_ALIGNMENT(._led_driver_api.static.*)))
                0x0000000008006a10                _led_driver_api_list_end = .

led_strip_driver_api_area
                0x0000000008006a10        0x0
                0x0000000008006a10                _led_strip_driver_api_list_start = .
 *(SORT_BY_NAME(SORT_BY_ALIGNMENT(._led_strip_driver_api.static.*)))
                0x0000000008006a10                _led_strip_driver_api_list_end = .

lora_driver_api_area
                0x0000000008006a10        0x0
                0x0000000008006a10                _lora_driver_api_list_start = .
 *(SORT_BY_NAME(SORT_BY_ALIGNMENT(._lora_driver_api.static.*)))
                0x0000000008006a10                _lora_driver_api_list_end = .

mbox_driver_api_area
                0x0000000008006a10        0x0
                0x0000000008006a10                _mbox_driver_api_list_start = .
 *(SORT_BY_NAME(SORT_BY_ALIGNMENT(._mbox_driver_api.static.*)))
                0x0000000008006a10                _mbox_driver_api_list_end = .

mdio_driver_api_area
                0x0000000008006a10        0x0
                0x0000000008006a10                _mdio_driver_api_list_start = .
 *(SORT_BY_NAME(SORT_BY_ALIGNMENT(._mdio_driver_api.static.*)))
                0x0000000008006a10                _mdio_driver_api_list_end = .

mipi_dbi_driver_api_area
                0x0000000008006a10        0x0
                0x0000000008006a10                _mipi_dbi_driver_api_list_start = .
 *(SORT_BY_NAME(SORT_BY_ALIGNMENT(._mipi_dbi_driver_api.static.*)))
                0x0000000008006a10                _mipi_dbi_driver_api_list_end = .

mipi_dsi_driver_api_area
                0x0000000008006a10        0x0
                0x0000000008006a10                _mipi_dsi_driver_api_list_start = .
 *(SORT_BY_NAME(SORT_BY_ALIGNMENT(._mipi_dsi_driver_api.static.*)))
                0x0000000008006a10                _mipi_dsi_driver_api_list_end = .

mspi_driver_api_area
                0x0000000008006a10        0x0
                0x0000000008006a10                _mspi_driver_api_list_start = .
 *(SORT_BY_NAME(SORT_BY_ALIGNMENT(._mspi_driver_api.static.*)))
                0x0000000008006a10                _mspi_driver_api_list_end = .

peci_driver_api_area
                0x0000000008006a10        0x0
                0x0000000008006a10                _peci_driver_api_list_start = .
 *(SORT_BY_NAME(SORT_BY_ALIGNMENT(._peci_driver_api.static.*)))
                0x0000000008006a10                _peci_driver_api_list_end = .

ps2_driver_api_area
                0x0000000008006a10        0x0
                0x0000000008006a10                _ps2_driver_api_list_start = .
 *(SORT_BY_NAME(SORT_BY_ALIGNMENT(._ps2_driver_api.static.*)))
                0x0000000008006a10                _ps2_driver_api_list_end = .

ptp_clock_driver_api_area
                0x0000000008006a10        0x0
                0x0000000008006a10                _ptp_clock_driver_api_list_start = .
 *(SORT_BY_NAME(SORT_BY_ALIGNMENT(._ptp_clock_driver_api.static.*)))
                0x0000000008006a10                _ptp_clock_driver_api_list_end = .

pwm_driver_api_area
                0x0000000008006a10        0x0
                0x0000000008006a10                _pwm_driver_api_list_start = .
 *(SORT_BY_NAME(SORT_BY_ALIGNMENT(._pwm_driver_api.static.*)))
                0x0000000008006a10                _pwm_driver_api_list_end = .

regulator_parent_driver_api_area
                0x0000000008006a10        0x0
                0x0000000008006a10                _regulator_parent_driver_api_list_start = .
 *(SORT_BY_NAME(SORT_BY_ALIGNMENT(._regulator_parent_driver_api.static.*)))
                0x0000000008006a10                _regulator_parent_driver_api_list_end = .

regulator_driver_api_area
                0x0000000008006a10        0x0
                0x0000000008006a10                _regulator_driver_api_list_start = .
 *(SORT_BY_NAME(SORT_BY_ALIGNMENT(._regulator_driver_api.static.*)))
                0x0000000008006a10                _regulator_driver_api_list_end = .

retained_mem_driver_api_area
                0x0000000008006a10        0x0
                0x0000000008006a10                _retained_mem_driver_api_list_start = .
 *(SORT_BY_NAME(SORT_BY_ALIGNMENT(._retained_mem_driver_api.static.*)))
                0x0000000008006a10                _retained_mem_driver_api_list_end = .

rtc_driver_api_area
                0x0000000008006a10        0x0
                0x0000000008006a10                _rtc_driver_api_list_start = .
 *(SORT_BY_NAME(SORT_BY_ALIGNMENT(._rtc_driver_api.static.*)))
                0x0000000008006a10                _rtc_driver_api_list_end = .

sdhc_driver_api_area
                0x0000000008006a10        0x0
                0x0000000008006a10                _sdhc_driver_api_list_start = .
 *(SORT_BY_NAME(SORT_BY_ALIGNMENT(._sdhc_driver_api.static.*)))
                0x0000000008006a10                _sdhc_driver_api_list_end = .

sensor_driver_api_area
                0x0000000008006a10        0x0
                0x0000000008006a10                _sensor_driver_api_list_start = .
 *(SORT_BY_NAME(SORT_BY_ALIGNMENT(._sensor_driver_api.static.*)))
                0x0000000008006a10                _sensor_driver_api_list_end = .

smbus_driver_api_area
                0x0000000008006a10        0x0
                0x0000000008006a10                _smbus_driver_api_list_start = .
 *(SORT_BY_NAME(SORT_BY_ALIGNMENT(._smbus_driver_api.static.*)))
                0x0000000008006a10                _smbus_driver_api_list_end = .

spi_driver_api_area
                0x0000000008006a10        0x0
                0x0000000008006a10                _spi_driver_api_list_start = .
 *(SORT_BY_NAME(SORT_BY_ALIGNMENT(._spi_driver_api.static.*)))
                0x0000000008006a10                _spi_driver_api_list_end = .

stepper_driver_api_area
                0x0000000008006a10        0x0
                0x0000000008006a10                _stepper_driver_api_list_start = .
 *(SORT_BY_NAME(SORT_BY_ALIGNMENT(._stepper_driver_api.static.*)))
                0x0000000008006a10                _stepper_driver_api_list_end = .

syscon_driver_api_area
                0x0000000008006a10        0x0
                0x0000000008006a10                _syscon_driver_api_list_start = .
 *(SORT_BY_NAME(SORT_BY_ALIGNMENT(._syscon_driver_api.static.*)))
                0x0000000008006a10                _syscon_driver_api_list_end = .

tee_driver_api_area
                0x0000000008006a10        0x0
                0x0000000008006a10                _tee_driver_api_list_start = .
 *(SORT_BY_NAME(SORT_BY_ALIGNMENT(._tee_driver_api.static.*)))
                0x0000000008006a10                _tee_driver_api_list_end = .

video_driver_api_area
                0x0000000008006a10        0x0
                0x0000000008006a10                _video_driver_api_list_start = .
 *(SORT_BY_NAME(SORT_BY_ALIGNMENT(._video_driver_api.static.*)))
                0x0000000008006a10                _video_driver_api_list_end = .

w1_driver_api_area
                0x0000000008006a10        0x0
                0x0000000008006a10                _w1_driver_api_list_start = .
 *(SORT_BY_NAME(SORT_BY_ALIGNMENT(._w1_driver_api.static.*)))
                0x0000000008006a10                _w1_driver_api_list_end = .

wdt_driver_api_area
                0x0000000008006a10        0x0
                0x0000000008006a10                _wdt_driver_api_list_start = .
 *(SORT_BY_NAME(SORT_BY_ALIGNMENT(._wdt_driver_api.static.*)))
                0x0000000008006a10                _wdt_driver_api_list_end = .

can_transceiver_driver_api_area
                0x0000000008006a10        0x0
                0x0000000008006a10                _can_transceiver_driver_api_list_start = .
 *(SORT_BY_NAME(SORT_BY_ALIGNMENT(._can_transceiver_driver_api.static.*)))
                0x0000000008006a10                _can_transceiver_driver_api_list_end = .

nrf_clock_control_driver_api_area
                0x0000000008006a10        0x0
                0x0000000008006a10                _nrf_clock_control_driver_api_list_start = .
 *(SORT_BY_NAME(SORT_BY_ALIGNMENT(._nrf_clock_control_driver_api.static.*)))
                0x0000000008006a10                _nrf_clock_control_driver_api_list_end = .

i3c_target_driver_api_area
                0x0000000008006a10        0x0
                0x0000000008006a10                _i3c_target_driver_api_list_start = .
 *(SORT_BY_NAME(SORT_BY_ALIGNMENT(._i3c_target_driver_api.static.*)))
                0x0000000008006a10                _i3c_target_driver_api_list_end = .

its_driver_api_area
                0x0000000008006a10        0x0
                0x0000000008006a10                _its_driver_api_list_start = .
 *(SORT_BY_NAME(SORT_BY_ALIGNMENT(._its_driver_api.static.*)))
                0x0000000008006a10                _its_driver_api_list_end = .

vtd_driver_api_area
                0x0000000008006a10        0x0
                0x0000000008006a10                _vtd_driver_api_list_start = .
 *(SORT_BY_NAME(SORT_BY_ALIGNMENT(._vtd_driver_api.static.*)))
                0x0000000008006a10                _vtd_driver_api_list_end = .

tgpio_driver_api_area
                0x0000000008006a10        0x0
                0x0000000008006a10                _tgpio_driver_api_list_start = .
 *(SORT_BY_NAME(SORT_BY_ALIGNMENT(._tgpio_driver_api.static.*)))
                0x0000000008006a10                _tgpio_driver_api_list_end = .

pcie_ctrl_driver_api_area
                0x0000000008006a10        0x0
                0x0000000008006a10                _pcie_ctrl_driver_api_list_start = .
 *(SORT_BY_NAME(SORT_BY_ALIGNMENT(._pcie_ctrl_driver_api.static.*)))
                0x0000000008006a10                _pcie_ctrl_driver_api_list_end = .

pcie_ep_driver_api_area
                0x0000000008006a10        0x0
                0x0000000008006a10                _pcie_ep_driver_api_list_start = .
 *(SORT_BY_NAME(SORT_BY_ALIGNMENT(._pcie_ep_driver_api.static.*)))
                0x0000000008006a10                _pcie_ep_driver_api_list_end = .

svc_driver_api_area
                0x0000000008006a10        0x0
                0x0000000008006a10                _svc_driver_api_list_start = .
 *(SORT_BY_NAME(SORT_BY_ALIGNMENT(._svc_driver_api.static.*)))
                0x0000000008006a10                _svc_driver_api_list_end = .

uart_driver_api_area
                0x0000000008006a10       0x14
                0x0000000008006a10                _uart_driver_api_list_start = .
 *(SORT_BY_NAME(SORT_BY_ALIGNMENT(._uart_driver_api.static.*)))
 ._uart_driver_api.static.uart_stm32_driver_api_
                0x0000000008006a10       0x14 zephyr/drivers/serial/libdrivers__serial.a(uart_stm32.c.obj)
                0x0000000008006a24                _uart_driver_api_list_end = .

bc12_emul_driver_api_area
                0x0000000008006a24        0x0
                0x0000000008006a24                _bc12_emul_driver_api_list_start = .
 *(SORT_BY_NAME(SORT_BY_ALIGNMENT(._bc12_emul_driver_api.static.*)))
                0x0000000008006a24                _bc12_emul_driver_api_list_end = .

bc12_driver_api_area
                0x0000000008006a24        0x0
                0x0000000008006a24                _bc12_driver_api_list_start = .
 *(SORT_BY_NAME(SORT_BY_ALIGNMENT(._bc12_driver_api.static.*)))
                0x0000000008006a24                _bc12_driver_api_list_end = .

usbc_ppc_driver_api_area
                0x0000000008006a24        0x0
                0x0000000008006a24                _usbc_ppc_driver_api_list_start = .
 *(SORT_BY_NAME(SORT_BY_ALIGNMENT(._usbc_ppc_driver_api.static.*)))
                0x0000000008006a24                _usbc_ppc_driver_api_list_end = .

tcpc_driver_api_area
                0x0000000008006a24        0x0
                0x0000000008006a24                _tcpc_driver_api_list_start = .
 *(SORT_BY_NAME(SORT_BY_ALIGNMENT(._tcpc_driver_api.static.*)))
                0x0000000008006a24                _tcpc_driver_api_list_end = .

usbc_vbus_driver_api_area
                0x0000000008006a24        0x0
                0x0000000008006a24                _usbc_vbus_driver_api_list_start = .
 *(SORT_BY_NAME(SORT_BY_ALIGNMENT(._usbc_vbus_driver_api.static.*)))
                0x0000000008006a24                _usbc_vbus_driver_api_list_end = .

ivshmem_driver_api_area
                0x0000000008006a24        0x0
                0x0000000008006a24                _ivshmem_driver_api_list_start = .
 *(SORT_BY_NAME(SORT_BY_ALIGNMENT(._ivshmem_driver_api.static.*)))
                0x0000000008006a24                _ivshmem_driver_api_list_end = .

ethphy_driver_api_area
                0x0000000008006a24        0x0
                0x0000000008006a24                _ethphy_driver_api_list_start = .
 *(SORT_BY_NAME(SORT_BY_ALIGNMENT(._ethphy_driver_api.static.*)))
                0x0000000008006a24                _ethphy_driver_api_list_end = .

virtio_driver_api_area
                0x0000000008006a24        0x0
                0x0000000008006a24                _virtio_driver_api_list_start = .
 *(SORT_BY_NAME(SORT_BY_ALIGNMENT(._virtio_driver_api.static.*)))
                0x0000000008006a24                _virtio_driver_api_list_end = .

ztest           0x0000000008006a24       0x6c
                0x0000000008006a24                _ztest_expected_result_entry_list_start = .
 *(SORT_BY_NAME(SORT_BY_ALIGNMENT(._ztest_expected_result_entry.static.*)))
                0x0000000008006a24                _ztest_expected_result_entry_list_end = .
                0x0000000008006a24                _ztest_suite_node_list_start = .
 *(SORT_BY_NAME(SORT_BY_ALIGNMENT(._ztest_suite_node.static.*)))
 ._ztest_suite_node.static.z_ztest_test_node_i2c_tests_
                0x0000000008006a24       0x1c app/libapp.a(test_i2c.c.obj)
                0x0000000008006a40                _ztest_suite_node_list_end = .
                0x0000000008006a40                _ztest_unit_test_list_start = .
 *(SORT_BY_NAME(SORT_BY_ALIGNMENT(._ztest_unit_test.static.*)))
 ._ztest_unit_test.static.z_ztest_unit_test__i2c_tests__test_i2c_dev_init_
                0x0000000008006a40       0x14 app/libapp.a(test_i2c.c.obj)
 ._ztest_unit_test.static.z_ztest_unit_test__i2c_tests__test_i2c_dev_read_
                0x0000000008006a54       0x14 app/libapp.a(test_i2c.c.obj)
 ._ztest_unit_test.static.z_ztest_unit_test__i2c_tests__test_i2c_dev_write_
                0x0000000008006a68       0x14 app/libapp.a(test_i2c.c.obj)
 ._ztest_unit_test.static.z_ztest_unit_test__i2c_tests__test_no_i2c_dev_init_
                0x0000000008006a7c       0x14 app/libapp.a(test_i2c.c.obj)
                0x0000000008006a90                _ztest_unit_test_list_end = .
                0x0000000008006a90                _ztest_test_rule_list_start = .
 *(SORT_BY_NAME(SORT_BY_ALIGNMENT(._ztest_test_rule.static.*)))
                0x0000000008006a90                _ztest_test_rule_list_end = .

init_array      0x0000000008006a90        0x0
                0x0000000008006a90                __zephyr_init_array_start = .
 *(SORT_BY_INIT_PRIORITY(.init_array.*) SORT_BY_INIT_PRIORITY(.ctors.*))
 *(SORT_BY_ALIGNMENT(.init_array) SORT_BY_ALIGNMENT(.ctors))
                0x0000000008006a90                __zephyr_init_array_end = .
                0x0000000000000001                ASSERT ((__zephyr_init_array_start == __zephyr_init_array_end), GNU-style constructors required but STATIC_INIT_GNU not enabled)

bt_l2cap_fixed_chan_area
                0x0000000008006a90        0x0
                0x0000000008006a90                _bt_l2cap_fixed_chan_list_start = .
 *(SORT_BY_NAME(SORT_BY_ALIGNMENT(._bt_l2cap_fixed_chan.static.*)))
                0x0000000008006a90                _bt_l2cap_fixed_chan_list_end = .

bt_gatt_service_static_area
                0x0000000008006a90        0x0
                0x0000000008006a90                _bt_gatt_service_static_list_start = .
 *(SORT_BY_NAME(SORT_BY_ALIGNMENT(._bt_gatt_service_static.static.*)))
                0x0000000008006a90                _bt_gatt_service_static_list_end = .

log_strings_area
                0x0000000008006a90        0x0
                0x0000000008006a90                _log_strings_list_start = .
 *(SORT_BY_NAME(SORT_BY_ALIGNMENT(._log_strings.static.*)))
                0x0000000008006a90                _log_strings_list_end = .

log_stmesp_ptr_area
                0x0000000008006a90        0x0
                0x0000000008006a90                _log_stmesp_ptr_list_start = .
 *(SORT_BY_NAME(SORT_BY_ALIGNMENT(._log_stmesp_ptr.static.*)))
                0x0000000008006a90                _log_stmesp_ptr_list_end = .

log_stmesp_str_area
                0x0000000008006a90        0x0
                0x0000000008006a90                _log_stmesp_str_list_start = .
 *(SORT_BY_NAME(SORT_BY_ALIGNMENT(._log_stmesp_str.static.*)))
                0x0000000008006a90                _log_stmesp_str_list_end = .

log_const_area  0x0000000008006a90       0x48
                0x0000000008006a90                _log_const_list_start = .
 *(SORT_BY_NAME(SORT_BY_ALIGNMENT(._log_const.static.*)))
 ._log_const.static.log_const_cbprintf_package_
                0x0000000008006a90        0x8 zephyr/libzephyr.a(cbprintf_packaged.c.obj)
                0x0000000008006a90                log_const_cbprintf_package
 ._log_const.static.log_const_i2c_
                0x0000000008006a98        0x8 zephyr/drivers/i2c/libdrivers__i2c.a(i2c_common.c.obj)
                0x0000000008006a98                log_const_i2c
 ._log_const.static.log_const_i2c_ll_stm32_
                0x0000000008006aa0        0x8 zephyr/drivers/i2c/libdrivers__i2c.a(i2c_ll_stm32.c.obj)
                0x0000000008006aa0                log_const_i2c_ll_stm32
 ._log_const.static.log_const_i2c_ll_stm32_common_
                0x0000000008006aa8        0x8 zephyr/drivers/i2c/libdrivers__i2c.a(i2c_ll_stm32_common.c.obj)
                0x0000000008006aa8                log_const_i2c_ll_stm32_common
 ._log_const.static.log_const_i2c_ll_stm32_v2_
                0x0000000008006ab0        0x8 zephyr/drivers/i2c/libdrivers__i2c.a(i2c_ll_stm32_v2.c.obj)
                0x0000000008006ab0                log_const_i2c_ll_stm32_v2
 ._log_const.static.log_const_mpu_
                0x0000000008006ab8        0x8 zephyr/arch/arch/arm/core/mpu/libarch__arm__core__mpu.a(arm_core_mpu.c.obj)
                0x0000000008006ab8                log_const_mpu
 ._log_const.static.log_const_os_
                0x0000000008006ac0        0x8 zephyr/kernel/libkernel.a(init.c.obj)
                0x0000000008006ac0                log_const_os
 ._log_const.static.log_const_stm32_
                0x0000000008006ac8        0x8 zephyr/drivers/gpio/libdrivers__gpio.a(gpio_stm32.c.obj)
                0x0000000008006ac8                log_const_stm32
 ._log_const.static.log_const_uart_stm32_
                0x0000000008006ad0        0x8 zephyr/drivers/serial/libdrivers__serial.a(uart_stm32.c.obj)
                0x0000000008006ad0                log_const_uart_stm32
                0x0000000008006ad8                _log_const_list_end = .

log_backend_area
                0x0000000008006ad8        0x0
                0x0000000008006ad8                _log_backend_list_start = .
 *(SORT_BY_NAME(SORT_BY_ALIGNMENT(._log_backend.static.*)))
                0x0000000008006ad8                _log_backend_list_end = .

log_link_area   0x0000000008006ad8        0x0
                0x0000000008006ad8                _log_link_list_start = .
 *(SORT_BY_NAME(SORT_BY_ALIGNMENT(._log_link.static.*)))
                0x0000000008006ad8                _log_link_list_end = .

tracing_backend_area
                0x0000000008006ad8        0x0
                0x0000000008006ad8                _tracing_backend_list_start = .
 *(SORT_BY_NAME(SORT_BY_ALIGNMENT(._tracing_backend.static.*)))
                0x0000000008006ad8                _tracing_backend_list_end = .

zephyr_dbg_info
 *(SORT_BY_ALIGNMENT(.dbg_thread_info))

intc_table_area
                0x0000000008006ad8        0x0
                0x0000000008006ad8                _intc_table_list_start = .
 *(SORT_BY_NAME(SORT_BY_ALIGNMENT(._intc_table.static.*)))
                0x0000000008006ad8                _intc_table_list_end = .

symbol_to_keep  0x0000000008006ad8        0x0
                0x0000000008006ad8                __symbol_to_keep_start = .
 *(SORT_BY_NAME(SORT_BY_ALIGNMENT(.symbol_to_keep*)))
                0x0000000008006ad8                __symbol_to_keep_end = .

shell_area      0x0000000008006ad8        0x0
                0x0000000008006ad8                _shell_list_start = .
 *(SORT_BY_NAME(SORT_BY_ALIGNMENT(._shell.static.*)))
                0x0000000008006ad8                _shell_list_end = .

shell_root_cmds_area
                0x0000000008006ad8        0x0
                0x0000000008006ad8                _shell_root_cmds_list_start = .
 *(SORT_BY_NAME(SORT_BY_ALIGNMENT(._shell_root_cmds.static.*)))
                0x0000000008006ad8                _shell_root_cmds_list_end = .

shell_subcmds_area
                0x0000000008006ad8        0x0
                0x0000000008006ad8                _shell_subcmds_list_start = .
 *(SORT_BY_NAME(SORT_BY_ALIGNMENT(._shell_subcmds.static.*)))
                0x0000000008006ad8                _shell_subcmds_list_end = .

shell_dynamic_subcmds_area
                0x0000000008006ad8        0x0
                0x0000000008006ad8                _shell_dynamic_subcmds_list_start = .
 *(SORT_BY_NAME(SORT_BY_ALIGNMENT(._shell_dynamic_subcmds.static.*)))
                0x0000000008006ad8                _shell_dynamic_subcmds_list_end = .

cfb_font_area   0x0000000008006ad8        0x0
                0x0000000008006ad8                _cfb_font_list_start = .
 *(SORT_BY_NAME(SORT_BY_ALIGNMENT(._cfb_font.static.*)))
                0x0000000008006ad8                _cfb_font_list_end = .

tdata           0x0000000008006ad8        0x0
 *(SORT_BY_ALIGNMENT(.tdata) SORT_BY_ALIGNMENT(.tdata.*) SORT_BY_ALIGNMENT(.gnu.linkonce.td.*))

tbss            0x0000000008006ad8        0x4
 *(SORT_BY_ALIGNMENT(.tbss) SORT_BY_ALIGNMENT(.tbss.*) SORT_BY_ALIGNMENT(.gnu.linkonce.tb.*) SORT_BY_ALIGNMENT(.tcommon))
 .tbss.z_tls_current
                0x0000000008006ad8        0x4 zephyr/libzephyr.a(thread_entry.c.obj)
                0x0000000008006ad8                z_tls_current
                0x0000000008006ad8                PROVIDE (__tdata_start = LOADADDR (tdata))
                0x0000000000000001                PROVIDE (__tdata_align = ALIGNOF (tdata))
                0x0000000000000000                PROVIDE (__tdata_size = (((SIZEOF (tdata) + __tdata_align) - 0x1) & ~ ((__tdata_align - 0x1))))
                [!provide]                        PROVIDE (__tdata_end = (__tdata_start + __tdata_size))
                0x0000000000000004                PROVIDE (__tbss_align = ALIGNOF (tbss))
                [!provide]                        PROVIDE (__tbss_start = ADDR (tbss))
                0x0000000000000004                PROVIDE (__tbss_size = (((SIZEOF (tbss) + __tbss_align) - 0x1) & ~ ((__tbss_align - 0x1))))
                [!provide]                        PROVIDE (__tbss_end = (__tbss_start + __tbss_size))
                [!provide]                        PROVIDE (__tls_start = __tdata_start)
                [!provide]                        PROVIDE (__tls_end = __tbss_end)
                [!provide]                        PROVIDE (__tls_size = (__tbss_end - __tdata_start))

rodata          0x0000000008006ad8     0x1ff8
 *(SORT_BY_ALIGNMENT(.rodata))
 *(SORT_BY_ALIGNMENT(.rodata.*))
 .rodata.mpu_config
                0x0000000008006ad8        0x8 zephyr/libzephyr.a(mpu_regions.c.obj)
                0x0000000008006ad8                mpu_config
 .rodata.mpu_regions
                0x0000000008006ae0       0x3c zephyr/libzephyr.a(mpu_regions.c.obj)
 .rodata.mem_attr_region
                0x0000000008006b1c       0x10 zephyr/libzephyr.a(mem_attr.c.obj)
 .rodata.static_regions
                0x0000000008006b2c        0xc zephyr/arch/arch/arm/core/mpu/libarch__arm__core__mpu.a(arm_core_mpu.c.obj)
 .rodata.CSWTCH.39
                0x0000000008006b38       0x18 zephyr/subsys/testsuite/ztest/libsubsys__testsuite__ztest.a(ztest.c.obj)
 .rodata.CSWTCH.35
                0x0000000008006b50       0x10 zephyr/subsys/testsuite/ztest/libsubsys__testsuite__ztest.a(ztest.c.obj)
 .rodata.ztest_api
                0x0000000008006b60        0xc zephyr/subsys/testsuite/ztest/libsubsys__testsuite__ztest.a(ztest_defaults.c.obj)
                0x0000000008006b60                ztest_api
 .rodata.gpio_stm32_cfg_k